12:04:42 **** Build of project 0310_interrupt_bsp ****
make -k all 
"Running Make include in ps7_cortexa9_0/libsrc/axivdma_v6_4/src"
make -C ps7_cortexa9_0/libsrc/axivdma_v6_4/src -s include  "SHELL=CMD" "COMPILER=arm-none-eabi-gcc" "ARCHIVER=arm-none-eabi-ar" "COMPILER_FLAGS=  -O2 -c" "EXTRA_COMPILER_FLAGS=-mcpu=cortex-a9 -mfpu=vfpv3 -mfloat-abi=hard -nostartfiles -Wall -Wextra"
"Running Make include in ps7_cortexa9_0/libsrc/coresightps_dcc_v1_4/src"
make -C ps7_cortexa9_0/libsrc/coresightps_dcc_v1_4/src -s include  "SHELL=CMD" "COMPILER=arm-none-eabi-gcc" "ARCHIVER=arm-none-eabi-ar" "COMPILER_FLAGS=  -O2 -c" "EXTRA_COMPILER_FLAGS=-mcpu=cortex-a9 -mfpu=vfpv3 -mfloat-abi=hard -nostartfiles -Wall -Wextra"
"Running Make include in ps7_cortexa9_0/libsrc/cpu_cortexa9_v2_5/src"
make -C ps7_cortexa9_0/libsrc/cpu_cortexa9_v2_5/src -s include  "SHELL=CMD" "COMPILER=arm-none-eabi-gcc" "ARCHIVER=arm-none-eabi-ar" "COMPILER_FLAGS=  -O2 -c" "EXTRA_COMPILER_FLAGS=-mcpu=cortex-a9 -mfpu=vfpv3 -mfloat-abi=hard -nostartfiles -Wall -Wextra"
"Running Make include in ps7_cortexa9_0/libsrc/ddrps_v1_0/src"
make -C ps7_cortexa9_0/libsrc/ddrps_v1_0/src -s include  "SHELL=CMD" "COMPILER=arm-none-eabi-gcc" "ARCHIVER=arm-none-eabi-ar" "COMPILER_FLAGS=  -O2 -c" "EXTRA_COMPILER_FLAGS=-mcpu=cortex-a9 -mfpu=vfpv3 -mfloat-abi=hard -nostartfiles -Wall -Wextra"
"Running Make include in ps7_cortexa9_0/libsrc/devcfg_v3_5/src"
make -C ps7_cortexa9_0/libsrc/devcfg_v3_5/src -s include  "SHELL=CMD" "COMPILER=arm-none-eabi-gcc" "ARCHIVER=arm-none-eabi-ar" "COMPILER_FLAGS=  -O2 -c" "EXTRA_COMPILER_FLAGS=-mcpu=cortex-a9 -mfpu=vfpv3 -mfloat-abi=hard -nostartfiles -Wall -Wextra"
"Running Make include in ps7_cortexa9_0/libsrc/dmaps_v2_3/src"
make -C ps7_cortexa9_0/libsrc/dmaps_v2_3/src -s include  "SHELL=CMD" "COMPILER=arm-none-eabi-gcc" "ARCHIVER=arm-none-eabi-ar" "COMPILER_FLAGS=  -O2 -c" "EXTRA_COMPILER_FLAGS=-mcpu=cortex-a9 -mfpu=vfpv3 -mfloat-abi=hard -nostartfiles -Wall -Wextra"
"Running Make include in ps7_cortexa9_0/libsrc/emacps_v3_5/src"
make -C ps7_cortexa9_0/libsrc/emacps_v3_5/src -s include  "SHELL=CMD" "COMPILER=arm-none-eabi-gcc" "ARCHIVER=arm-none-eabi-ar" "COMPILER_FLAGS=  -O2 -c" "EXTRA_COMPILER_FLAGS=-mcpu=cortex-a9 -mfpu=vfpv3 -mfloat-abi=hard -nostartfiles -Wall -Wextra"
"Running Make include in ps7_cortexa9_0/libsrc/gpio_v4_3/src"
make -C ps7_cortexa9_0/libsrc/gpio_v4_3/src -s include  "SHELL=CMD" "COMPILER=arm-none-eabi-gcc" "ARCHIVER=arm-none-eabi-ar" "COMPILER_FLAGS=  -O2 -c" "EXTRA_COMPILER_FLAGS=-mcpu=cortex-a9 -mfpu=vfpv3 -mfloat-abi=hard -nostartfiles -Wall -Wextra"
"Running Make include in ps7_cortexa9_0/libsrc/gpiops_v3_3/src"
make -C ps7_cortexa9_0/libsrc/gpiops_v3_3/src -s include  "SHELL=CMD" "COMPILER=arm-none-eabi-gcc" "ARCHIVER=arm-none-eabi-ar" "COMPILER_FLAGS=  -O2 -c" "EXTRA_COMPILER_FLAGS=-mcpu=cortex-a9 -mfpu=vfpv3 -mfloat-abi=hard -nostartfiles -Wall -Wextra"
"Running Make include in ps7_cortexa9_0/libsrc/qspips_v3_4/src"
make -C ps7_cortexa9_0/libsrc/qspips_v3_4/src -s include  "SHELL=CMD" "COMPILER=arm-none-eabi-gcc" "ARCHIVER=arm-none-eabi-ar" "COMPILER_FLAGS=  -O2 -c" "EXTRA_COMPILER_FLAGS=-mcpu=cortex-a9 -mfpu=vfpv3 -mfloat-abi=hard -nostartfiles -Wall -Wextra"
"Running Make include in ps7_cortexa9_0/libsrc/scugic_v3_8/src"
make -C ps7_cortexa9_0/libsrc/scugic_v3_8/src -s include  "SHELL=CMD" "COMPILER=arm-none-eabi-gcc" "ARCHIVER=arm-none-eabi-ar" "COMPILER_FLAGS=  -O2 -c" "EXTRA_COMPILER_FLAGS=-mcpu=cortex-a9 -mfpu=vfpv3 -mfloat-abi=hard -nostartfiles -Wall -Wextra"
"Running Make include in ps7_cortexa9_0/libsrc/scutimer_v2_1/src"
make -C ps7_cortexa9_0/libsrc/scutimer_v2_1/src -s include  "SHELL=CMD" "COMPILER=arm-none-eabi-gcc" "ARCHIVER=arm-none-eabi-ar" "COMPILER_FLAGS=  -O2 -c" "EXTRA_COMPILER_FLAGS=-mcpu=cortex-a9 -mfpu=vfpv3 -mfloat-abi=hard -nostartfiles -Wall -Wextra"
"Running Make include in ps7_cortexa9_0/libsrc/scuwdt_v2_1/src"
make -C ps7_cortexa9_0/libsrc/scuwdt_v2_1/src -s include  "SHELL=CMD" "COMPILER=arm-none-eabi-gcc" "ARCHIVER=arm-none-eabi-ar" "COMPILER_FLAGS=  -O2 -c" "EXTRA_COMPILER_FLAGS=-mcpu=cortex-a9 -mfpu=vfpv3 -mfloat-abi=hard -nostartfiles -Wall -Wextra"
"Running Make include in ps7_cortexa9_0/libsrc/sdps_v3_3/src"
make -C ps7_cortexa9_0/libsrc/sdps_v3_3/src -s include  "SHELL=CMD" "COMPILER=arm-none-eabi-gcc" "ARCHIVER=arm-none-eabi-ar" "COMPILER_FLAGS=  -O2 -c" "EXTRA_COMPILER_FLAGS=-mcpu=cortex-a9 -mfpu=vfpv3 -mfloat-abi=hard -nostartfiles -Wall -Wextra"
"Running Make include in ps7_cortexa9_0/libsrc/standalone_v6_4/src"
make -C ps7_cortexa9_0/libsrc/standalone_v6_4/src -s include  "SHELL=CMD" "COMPILER=arm-none-eabi-gcc" "ARCHIVER=arm-none-eabi-ar" "COMPILER_FLAGS=  -O2 -c" "EXTRA_COMPILER_FLAGS=-mcpu=cortex-a9 -mfpu=vfpv3 -mfloat-abi=hard -nostartfiles -Wall -Wextra"
"Running Make include in ps7_cortexa9_0/libsrc/ttcps_v3_4/src"
make -C ps7_cortexa9_0/libsrc/ttcps_v3_4/src -s include  "SHELL=CMD" "COMPILER=arm-none-eabi-gcc" "ARCHIVER=arm-none-eabi-ar" "COMPILER_FLAGS=  -O2 -c" "EXTRA_COMPILER_FLAGS=-mcpu=cortex-a9 -mfpu=vfpv3 -mfloat-abi=hard -nostartfiles -Wall -Wextra"
"Running Make include in ps7_cortexa9_0/libsrc/uartps_v3_4/src"
make -C ps7_cortexa9_0/libsrc/uartps_v3_4/src -s include  "SHELL=CMD" "COMPILER=arm-none-eabi-gcc" "ARCHIVER=arm-none-eabi-ar" "COMPILER_FLAGS=  -O2 -c" "EXTRA_COMPILER_FLAGS=-mcpu=cortex-a9 -mfpu=vfpv3 -mfloat-abi=hard -nostartfiles -Wall -Wextra"
"Running Make include in ps7_cortexa9_0/libsrc/usbps_v2_4/src"
make -C ps7_cortexa9_0/libsrc/usbps_v2_4/src -s include  "SHELL=CMD" "COMPILER=arm-none-eabi-gcc" "ARCHIVER=arm-none-eabi-ar" "COMPILER_FLAGS=  -O2 -c" "EXTRA_COMPILER_FLAGS=-mcpu=cortex-a9 -mfpu=vfpv3 -mfloat-abi=hard -nostartfiles -Wall -Wextra"
"Running Make include in ps7_cortexa9_0/libsrc/xadcps_v2_2/src"
make -C ps7_cortexa9_0/libsrc/xadcps_v2_2/src -s include  "SHELL=CMD" "COMPILER=arm-none-eabi-gcc" "ARCHIVER=arm-none-eabi-ar" "COMPILER_FLAGS=  -O2 -c" "EXTRA_COMPILER_FLAGS=-mcpu=cortex-a9 -mfpu=vfpv3 -mfloat-abi=hard -nostartfiles -Wall -Wextra"
"Running Make libs in ps7_cortexa9_0/libsrc/axivdma_v6_4/src"
make -C ps7_cortexa9_0/libsrc/axivdma_v6_4/src -s libs  "SHELL=CMD" "COMPILER=arm-none-eabi-gcc" "ARCHIVER=arm-none-eabi-ar" "COMPILER_FLAGS=  -O2 -c" "EXTRA_COMPILER_FLAGS=-mcpu=cortex-a9 -mfpu=vfpv3 -mfloat-abi=hard -nostartfiles -Wall -Wextra"
"Compiling axivdma"
arm-none-eabi-ar: creating ../../../lib/libxil.a
"Running Make libs in ps7_cortexa9_0/libsrc/coresightps_dcc_v1_4/src"
make -C ps7_cortexa9_0/libsrc/coresightps_dcc_v1_4/src -s libs  "SHELL=CMD" "COMPILER=arm-none-eabi-gcc" "ARCHIVER=arm-none-eabi-ar" "COMPILER_FLAGS=  -O2 -c" "EXTRA_COMPILER_FLAGS=-mcpu=cortex-a9 -mfpu=vfpv3 -mfloat-abi=hard -nostartfiles -Wall -Wextra"
"Compiling coresightps_dcc"
"Running Make libs in ps7_cortexa9_0/libsrc/cpu_cortexa9_v2_5/src"
make -C ps7_cortexa9_0/libsrc/cpu_cortexa9_v2_5/src -s libs  "SHELL=CMD" "COMPILER=arm-none-eabi-gcc" "ARCHIVER=arm-none-eabi-ar" "COMPILER_FLAGS=  -O2 -c" "EXTRA_COMPILER_FLAGS=-mcpu=cortex-a9 -mfpu=vfpv3 -mfloat-abi=hard -nostartfiles -Wall -Wextra"
"Compiling cpu_cortexa9"
"Running Make libs in ps7_cortexa9_0/libsrc/ddrps_v1_0/src"
make -C ps7_cortexa9_0/libsrc/ddrps_v1_0/src -s libs  "SHELL=CMD" "COMPILER=arm-none-eabi-gcc" "ARCHIVER=arm-none-eabi-ar" "COMPILER_FLAGS=  -O2 -c" "EXTRA_COMPILER_FLAGS=-mcpu=cortex-a9 -mfpu=vfpv3 -mfloat-abi=hard -nostartfiles -Wall -Wextra"
"Compiling ddrps"
"Running Make libs in ps7_cortexa9_0/libsrc/devcfg_v3_5/src"
make -C ps7_cortexa9_0/libsrc/devcfg_v3_5/src -s libs  "SHELL=CMD" "COMPILER=arm-none-eabi-gcc" "ARCHIVER=arm-none-eabi-ar" "COMPILER_FLAGS=  -O2 -c" "EXTRA_COMPILER_FLAGS=-mcpu=cortex-a9 -mfpu=vfpv3 -mfloat-abi=hard -nostartfiles -Wall -Wextra"
"Compiling devcfg"
"Running Make libs in ps7_cortexa9_0/libsrc/dmaps_v2_3/src"
make -C ps7_cortexa9_0/libsrc/dmaps_v2_3/src -s libs  "SHELL=CMD" "COMPILER=arm-none-eabi-gcc" "ARCHIVER=arm-none-eabi-ar" "COMPILER_FLAGS=  -O2 -c" "EXTRA_COMPILER_FLAGS=-mcpu=cortex-a9 -mfpu=vfpv3 -mfloat-abi=hard -nostartfiles -Wall -Wextra"
"Compiling dmaps"
"Running Make libs in ps7_cortexa9_0/libsrc/emacps_v3_5/src"
make -C ps7_cortexa9_0/libsrc/emacps_v3_5/src -s libs  "SHELL=CMD" "COMPILER=arm-none-eabi-gcc" "ARCHIVER=arm-none-eabi-ar" "COMPILER_FLAGS=  -O2 -c" "EXTRA_COMPILER_FLAGS=-mcpu=cortex-a9 -mfpu=vfpv3 -mfloat-abi=hard -nostartfiles -Wall -Wextra"
"Compiling emacps"
"Running Make libs in ps7_cortexa9_0/libsrc/gpio_v4_3/src"
make -C ps7_cortexa9_0/libsrc/gpio_v4_3/src -s libs  "SHELL=CMD" "COMPILER=arm-none-eabi-gcc" "ARCHIVER=arm-none-eabi-ar" "COMPILER_FLAGS=  -O2 -c" "EXTRA_COMPILER_FLAGS=-mcpu=cortex-a9 -mfpu=vfpv3 -mfloat-abi=hard -nostartfiles -Wall -Wextra"
"Compiling gpio"
"Running Make libs in ps7_cortexa9_0/libsrc/gpiops_v3_3/src"
make -C ps7_cortexa9_0/libsrc/gpiops_v3_3/src -s libs  "SHELL=CMD" "COMPILER=arm-none-eabi-gcc" "ARCHIVER=arm-none-eabi-ar" "COMPILER_FLAGS=  -O2 -c" "EXTRA_COMPILER_FLAGS=-mcpu=cortex-a9 -mfpu=vfpv3 -mfloat-abi=hard -nostartfiles -Wall -Wextra"
"Compiling gpiops"
"Running Make libs in ps7_cortexa9_0/libsrc/qspips_v3_4/src"
make -C ps7_cortexa9_0/libsrc/qspips_v3_4/src -s libs  "SHELL=CMD" "COMPILER=arm-none-eabi-gcc" "ARCHIVER=arm-none-eabi-ar" "COMPILER_FLAGS=  -O2 -c" "EXTRA_COMPILER_FLAGS=-mcpu=cortex-a9 -mfpu=vfpv3 -mfloat-abi=hard -nostartfiles -Wall -Wextra"
"Compiling qspips"
"Running Make libs in ps7_cortexa9_0/libsrc/scugic_v3_8/src"
make -C ps7_cortexa9_0/libsrc/scugic_v3_8/src -s libs  "SHELL=CMD" "COMPILER=arm-none-eabi-gcc" "ARCHIVER=arm-none-eabi-ar" "COMPILER_FLAGS=  -O2 -c" "EXTRA_COMPILER_FLAGS=-mcpu=cortex-a9 -mfpu=vfpv3 -mfloat-abi=hard -nostartfiles -Wall -Wextra"
"Compiling scugic"
"Running Make libs in ps7_cortexa9_0/libsrc/scutimer_v2_1/src"
make -C ps7_cortexa9_0/libsrc/scutimer_v2_1/src -s libs  "SHELL=CMD" "COMPILER=arm-none-eabi-gcc" "ARCHIVER=arm-none-eabi-ar" "COMPILER_FLAGS=  -O2 -c" "EXTRA_COMPILER_FLAGS=-mcpu=cortex-a9 -mfpu=vfpv3 -mfloat-abi=hard -nostartfiles -Wall -Wextra"
"Compiling scutimer"
"Running Make libs in ps7_cortexa9_0/libsrc/scuwdt_v2_1/src"
make -C ps7_cortexa9_0/libsrc/scuwdt_v2_1/src -s libs  "SHELL=CMD" "COMPILER=arm-none-eabi-gcc" "ARCHIVER=arm-none-eabi-ar" "COMPILER_FLAGS=  -O2 -c" "EXTRA_COMPILER_FLAGS=-mcpu=cortex-a9 -mfpu=vfpv3 -mfloat-abi=hard -nostartfiles -Wall -Wextra"
"Compiling scuwdt"
"Running Make libs in ps7_cortexa9_0/libsrc/sdps_v3_3/src"
make -C ps7_cortexa9_0/libsrc/sdps_v3_3/src -s libs  "SHELL=CMD" "COMPILER=arm-none-eabi-gcc" "ARCHIVER=arm-none-eabi-ar" "COMPILER_FLAGS=  -O2 -c" "EXTRA_COMPILER_FLAGS=-mcpu=cortex-a9 -mfpu=vfpv3 -mfloat-abi=hard -nostartfiles -Wall -Wextra"
"Compiling sdps"
"Running Make libs in ps7_cortexa9_0/libsrc/standalone_v6_4/src"
make -C ps7_cortexa9_0/libsrc/standalone_v6_4/src -s libs  "SHELL=CMD" "COMPILER=arm-none-eabi-gcc" "ARCHIVER=arm-none-eabi-ar" "COMPILER_FLAGS=  -O2 -c" "EXTRA_COMPILER_FLAGS=-mcpu=cortex-a9 -mfpu=vfpv3 -mfloat-abi=hard -nostartfiles -Wall -Wextra"
"Compiling standalone"
"Running Make libs in ps7_cortexa9_0/libsrc/ttcps_v3_4/src"
make -C ps7_cortexa9_0/libsrc/ttcps_v3_4/src -s libs  "SHELL=CMD" "COMPILER=arm-none-eabi-gcc" "ARCHIVER=arm-none-eabi-ar" "COMPILER_FLAGS=  -O2 -c" "EXTRA_COMPILER_FLAGS=-mcpu=cortex-a9 -mfpu=vfpv3 -mfloat-abi=hard -nostartfiles -Wall -Wextra"
"Compiling ttcps"
"Running Make libs in ps7_cortexa9_0/libsrc/uartps_v3_4/src"
make -C ps7_cortexa9_0/libsrc/uartps_v3_4/src -s libs  "SHELL=CMD" "COMPILER=arm-none-eabi-gcc" "ARCHIVER=arm-none-eabi-ar" "COMPILER_FLAGS=  -O2 -c" "EXTRA_COMPILER_FLAGS=-mcpu=cortex-a9 -mfpu=vfpv3 -mfloat-abi=hard -nostartfiles -Wall -Wextra"
"Compiling uartps"
"Running Make libs in ps7_cortexa9_0/libsrc/usbps_v2_4/src"
make -C ps7_cortexa9_0/libsrc/usbps_v2_4/src -s libs  "SHELL=CMD" "COMPILER=arm-none-eabi-gcc" "ARCHIVER=arm-none-eabi-ar" "COMPILER_FLAGS=  -O2 -c" "EXTRA_COMPILER_FLAGS=-mcpu=cortex-a9 -mfpu=vfpv3 -mfloat-abi=hard -nostartfiles -Wall -Wextra"
"Compiling usbps"
"Running Make libs in ps7_cortexa9_0/libsrc/xadcps_v2_2/src"
make -C ps7_cortexa9_0/libsrc/xadcps_v2_2/src -s libs  "SHELL=CMD" "COMPILER=arm-none-eabi-gcc" "ARCHIVER=arm-none-eabi-ar" "COMPILER_FLAGS=  -O2 -c" "EXTRA_COMPILER_FLAGS=-mcpu=cortex-a9 -mfpu=vfpv3 -mfloat-abi=hard -nostartfiles -Wall -Wextra"
"Compiling xadcps"
'Finished building libraries'
12:07:16 **** Build of configuration Debug for project 0310_interrupt ****
make pre-build main-build 
a9-linaro-pre-build-step
' '
'Building file: ../src/helloworld.c'
'Invoking: ARM v7 gcc compiler'
arm-none-eabi-gcc -Wall -O0 -g3 -c -fmessage-length=0 -MT"src/helloworld.o" -mcpu=cortex-a9 -mfpu=vfpv3 -mfloat-abi=hard -I../../0310_interrupt_bsp/ps7_cortexa9_0/include -MMD -MP -MF"src/helloworld.d" -MT"src/helloworld.o" -o "src/helloworld.o" "../src/helloworld.c"
../src/helloworld.c:2:26: fatal error: plotting_api.h: No such file or directory
 #include "plotting_api.h"
                          ^
compilation terminated.
make: *** [src/helloworld.o] Error 1
12:07:37 **** Auto Build of configuration Debug for project 0310_interrupt ****
make pre-build main-build 
a9-linaro-pre-build-step
' '
'Building file: ../src/helloworld.c'
'Invoking: ARM v7 gcc compiler'
arm-none-eabi-gcc -Wall -O0 -g3 -c -fmessage-length=0 -MT"src/helloworld.o" -mcpu=cortex-a9 -mfpu=vfpv3 -mfloat-abi=hard -I../../0310_interrupt_bsp/ps7_cortexa9_0/include -MMD -MP -MF"src/helloworld.d" -MT"src/helloworld.o" -o "src/helloworld.o" "../src/helloworld.c"
../src/helloworld.c: In function 'main':
../src/helloworld.c:183:2: warning: implicit declaration of function 'plot_init' [-Wimplicit-function-declaration]
  plot_init();
  ^~~~~~~~~
../src/helloworld.c:185:2: warning: implicit declaration of function 'plot_outline' [-Wimplicit-function-declaration]
  plot_outline();
  ^~~~~~~~~~~~
../src/helloworld.c:187:2: warning: implicit declaration of function 'display_swap_buffers' [-Wimplicit-function-declaration]
  display_swap_buffers();
  ^~~~~~~~~~~~~~~~~~~~
../src/helloworld.c:220:3: warning: implicit declaration of function 'plot_paddle' [-Wimplicit-function-declaration]
   plot_paddle(init_paddle_x0,init_paddle_y0,0x9999ff00);
   ^~~~~~~~~~~
../src/helloworld.c:221:3: warning: implicit declaration of function 'plot_circle' [-Wimplicit-function-declaration]
   plot_circle(init_ball_x0,init_ball_y0,init_ball_r,0x9999ff00);
   ^~~~~~~~~~~
'Finished building: ../src/helloworld.c'
' '
'Building file: ../src/platform.c'
'Invoking: ARM v7 gcc compiler'
arm-none-eabi-gcc -Wall -O0 -g3 -c -fmessage-length=0 -MT"src/platform.o" -mcpu=cortex-a9 -mfpu=vfpv3 -mfloat-abi=hard -I../../0310_interrupt_bsp/ps7_cortexa9_0/include -MMD -MP -MF"src/platform.d" -MT"src/platform.o" -o "src/platform.o" "../src/platform.c"
'Finished building: ../src/platform.c'
' '
'Building target: 0310_interrupt.elf'
'Invoking: ARM v7 gcc linker'
arm-none-eabi-gcc -mcpu=cortex-a9 -mfpu=vfpv3 -mfloat-abi=hard -Wl,-build-id=none -specs=Xilinx.spec -Wl,-T -Wl,../src/lscript.ld -L../../0310_interrupt_bsp/ps7_cortexa9_0/lib -o "0310_interrupt.elf"  ./src/helloworld.o ./src/platform.o   -Wl,--start-group,-lxil,-lgcc,-lc,--end-group
./src/helloworld.o: In function `main':
U:\180306_move_everything_from_pit9\180309_m3withupdatedInterrupt\180309_m3withupdatedInterrupt.sdk\0310_interrupt\Debug/../src/helloworld.c:183: undefined reference to `plot_init'
U:\180306_move_everything_from_pit9\180309_m3withupdatedInterrupt\180309_m3withupdatedInterrupt.sdk\0310_interrupt\Debug/../src/helloworld.c:185: undefined reference to `plot_outline'
U:\180306_move_everything_from_pit9\180309_m3withupdatedInterrupt\180309_m3withupdatedInterrupt.sdk\0310_interrupt\Debug/../src/helloworld.c:187: undefined reference to `display_swap_buffers'
U:\180306_move_everything_from_pit9\180309_m3withupdatedInterrupt\180309_m3withupdatedInterrupt.sdk\0310_interrupt\Debug/../src/helloworld.c:219: undefined reference to `plot_outline'
U:\180306_move_everything_from_pit9\180309_m3withupdatedInterrupt\180309_m3withupdatedInterrupt.sdk\0310_interrupt\Debug/../src/helloworld.c:220: undefined reference to `plot_paddle'
U:\180306_move_everything_from_pit9\180309_m3withupdatedInterrupt\180309_m3withupdatedInterrupt.sdk\0310_interrupt\Debug/../src/helloworld.c:221: undefined reference to `plot_circle'
U:\180306_move_everything_from_pit9\180309_m3withupdatedInterrupt\180309_m3withupdatedInterrupt.sdk\0310_interrupt\Debug/../src/helloworld.c:222: undefined reference to `display_swap_buffers'
collect2.exe: error: ld returned 1 exit status
make: *** [0310_interrupt.elf] Error 1
12:07:45 **** Auto Build of configuration Debug for project 0310_interrupt ****
make pre-build main-build 
a9-linaro-pre-build-step
' '
'Building file: ../src/helloworld.c'
'Invoking: ARM v7 gcc compiler'
arm-none-eabi-gcc -Wall -O0 -g3 -c -fmessage-length=0 -MT"src/helloworld.o" -mcpu=cortex-a9 -mfpu=vfpv3 -mfloat-abi=hard -I../../0310_interrupt_bsp/ps7_cortexa9_0/include -MMD -MP -MF"src/helloworld.d" -MT"src/helloworld.o" -o "src/helloworld.o" "../src/helloworld.c"
In file included from ../src/helloworld.c:2:0:
../src/plotting_api.h:2:25: fatal error: display_api.h: No such file or directory
 #include "display_api.h"
                         ^
compilation terminated.
make: *** [src/helloworld.o] Error 1
12:07:53 **** Auto Build of configuration Debug for project 0310_interrupt ****
make pre-build main-build 
a9-linaro-pre-build-step
' '
'Building file: ../src/helloworld.c'
'Invoking: ARM v7 gcc compiler'
arm-none-eabi-gcc -Wall -O0 -g3 -c -fmessage-length=0 -MT"src/helloworld.o" -mcpu=cortex-a9 -mfpu=vfpv3 -mfloat-abi=hard -I../../0310_interrupt_bsp/ps7_cortexa9_0/include -MMD -MP -MF"src/helloworld.d" -MT"src/helloworld.o" -o "src/helloworld.o" "../src/helloworld.c"
In file included from ../src/helloworld.c:2:0:
../src/plotting_api.h:9:8: error: unknown type name 'Rect'
 static Rect topwall,rightwall,leftwall;
        ^~~~
../src/plotting_api.h:10:8: error: unknown type name 'Rect'
 static Rect paddle;
        ^~~~
../src/plotting_api.h:11:8: error: unknown type name 'Circle'
 static Circle ball;
        ^~~~~~
../src/plotting_api.h:13:8: error: unknown type name 'u32'
 static u32 _background_color = COLOR_BLACK;
        ^~~
../src/plotting_api.h:13:32: error: 'COLOR_BLACK' undeclared here (not in a function)
 static u32 _background_color = COLOR_BLACK;
                                ^~~~~~~~~~~
../src/plotting_api.h: In function 'define_3_walls':
../src/plotting_api.h:17:9: error: request for member 'x0' in something not a structure or union
  topwall.x0=0; topwall.y0=0; topwall.xsz=800; topwall.ysz=20;
         ^
../src/plotting_api.h:17:23: error: request for member 'y0' in something not a structure or union
  topwall.x0=0; topwall.y0=0; topwall.xsz=800; topwall.ysz=20;
                       ^
../src/plotting_api.h:17:37: error: request for member 'xsz' in something not a structure or union
  topwall.x0=0; topwall.y0=0; topwall.xsz=800; topwall.ysz=20;
                                     ^
../src/plotting_api.h:17:54: error: request for member 'ysz' in something not a structure or union
  topwall.x0=0; topwall.y0=0; topwall.xsz=800; topwall.ysz=20;
                                                      ^
../src/plotting_api.h:18:11: error: request for member 'x0' in something not a structure or union
  rightwall.x0=0; rightwall.y0=20; rightwall.xsz=20; rightwall.ysz=580;
           ^
../src/plotting_api.h:18:27: error: request for member 'y0' in something not a structure or union
  rightwall.x0=0; rightwall.y0=20; rightwall.xsz=20; rightwall.ysz=580;
                           ^
../src/plotting_api.h:18:44: error: request for member 'xsz' in something not a structure or union
  rightwall.x0=0; rightwall.y0=20; rightwall.xsz=20; rightwall.ysz=580;
                                            ^
../src/plotting_api.h:18:62: error: request for member 'ysz' in something not a structure or union
  rightwall.x0=0; rightwall.y0=20; rightwall.xsz=20; rightwall.ysz=580;
                                                              ^
../src/plotting_api.h:19:10: error: request for member 'x0' in something not a structure or union
  leftwall.x0=780; leftwall.y0=20; leftwall.xsz=20; leftwall.ysz=580;
          ^
../src/plotting_api.h:19:27: error: request for member 'y0' in something not a structure or union
  leftwall.x0=780; leftwall.y0=20; leftwall.xsz=20; leftwall.ysz=580;
                           ^
../src/plotting_api.h:19:43: error: request for member 'xsz' in something not a structure or union
  leftwall.x0=780; leftwall.y0=20; leftwall.xsz=20; leftwall.ysz=580;
                                           ^
../src/plotting_api.h:19:60: error: request for member 'ysz' in something not a structure or union
  leftwall.x0=780; leftwall.y0=20; leftwall.xsz=20; leftwall.ysz=580;
                                                            ^
../src/plotting_api.h: In function 'plot_init':
../src/plotting_api.h:32:2: warning: implicit declaration of function 'xil_printf' [-Wimplicit-function-declaration]
  xil_printf("7\n\r");
  ^~~~~~~~~~
../src/plotting_api.h:33:2: warning: implicit declaration of function 'display_init' [-Wimplicit-function-declaration]
  display_init(DISPLAY_MEMORY_BASE);
  ^~~~~~~~~~~~
../src/plotting_api.h:34:2: warning: implicit declaration of function 'display_fill_screen' [-Wimplicit-function-declaration]
  display_fill_screen(_background_color);
  ^~~~~~~~~~~~~~~~~~~
../src/plotting_api.h:36:2: warning: implicit declaration of function 'display_swap_buffers' [-Wimplicit-function-declaration]
  display_swap_buffers();
  ^~~~~~~~~~~~~~~~~~~~
../src/plotting_api.h: In function 'plot_outline':
../src/plotting_api.h:45:2: warning: implicit declaration of function 'display_draw_rect' [-Wimplicit-function-declaration]
  display_draw_rect(0xff99ff00, topwall);
  ^~~~~~~~~~~~~~~~~
../src/plotting_api.h: At top level:
../src/plotting_api.h:51:32: error: unknown type name 'u32'
 void plot_paddle(int x, int y, u32 color){
                                ^~~
../src/plotting_api.h:59:39: error: unknown type name 'u32'
 void plot_circle(int x, int y, int r, u32 color){
                                       ^~~
In file included from ../../0310_interrupt_bsp/ps7_cortexa9_0/include/xil_io.h:65:0,
                 from ../../0310_interrupt_bsp/ps7_cortexa9_0/include/xuartps_hw.h:73,
                 from ../src/helloworld.c:3:
../../0310_interrupt_bsp/ps7_cortexa9_0/include/xil_printf.h:35:6: warning: conflicting types for 'xil_printf'
 void xil_printf( const char8 *ctrl1, ...);
      ^~~~~~~~~~
In file included from ../src/helloworld.c:2:0:
../src/plotting_api.h:32:2: note: previous implicit declaration of 'xil_printf' was here
  xil_printf("7\n\r");
  ^~~~~~~~~~
../src/helloworld.c: In function 'main':
../src/helloworld.c:220:3: warning: implicit declaration of function 'plot_paddle' [-Wimplicit-function-declaration]
   plot_paddle(init_paddle_x0,init_paddle_y0,0x9999ff00);
   ^~~~~~~~~~~
../src/helloworld.c:221:3: warning: implicit declaration of function 'plot_circle' [-Wimplicit-function-declaration]
   plot_circle(init_ball_x0,init_ball_y0,init_ball_r,0x9999ff00);
   ^~~~~~~~~~~
In file included from ../src/helloworld.c:2:0:
At top level:
../src/plotting_api.h:11:15: warning: 'ball' defined but not used [-Wunused-variable]
 static Circle ball;
               ^~~~
../src/plotting_api.h:10:13: warning: 'paddle' defined but not used [-Wunused-variable]
 static Rect paddle;
             ^~~~~~
make: *** [src/helloworld.o] Error 1
12:07:58 **** Auto Build of configuration Debug for project 0310_interrupt ****
make pre-build main-build 
a9-linaro-pre-build-step
' '
'Building file: ../src/helloworld.c'
'Invoking: ARM v7 gcc compiler'
arm-none-eabi-gcc -Wall -O0 -g3 -c -fmessage-length=0 -MT"src/helloworld.o" -mcpu=cortex-a9 -mfpu=vfpv3 -mfloat-abi=hard -I../../0310_interrupt_bsp/ps7_cortexa9_0/include -MMD -MP -MF"src/helloworld.d" -MT"src/helloworld.o" -o "src/helloworld.o" "../src/helloworld.c"
In file included from ../src/plotting_api.h:2:0,
                 from ../src/helloworld.c:2:
../src/display_api.h:17:22: fatal error: vdma_api.h: No such file or directory
 #include "vdma_api.h"
                      ^
compilation terminated.
make: *** [src/helloworld.o] Error 1
12:08:05 **** Auto Build of configuration Debug for project 0310_interrupt ****
make pre-build main-build 
a9-linaro-pre-build-step
' '
'Building file: ../src/helloworld.c'
'Invoking: ARM v7 gcc compiler'
arm-none-eabi-gcc -Wall -O0 -g3 -c -fmessage-length=0 -MT"src/helloworld.o" -mcpu=cortex-a9 -mfpu=vfpv3 -mfloat-abi=hard -I../../0310_interrupt_bsp/ps7_cortexa9_0/include -MMD -MP -MF"src/helloworld.d" -MT"src/helloworld.o" -o "src/helloworld.o" "../src/helloworld.c"
In file included from ../src/plotting_api.h:2:0,
                 from ../src/helloworld.c:2:
../src/display_api.h: In function 'display_init':
../src/display_api.h:54:12: warning: implicit declaration of function 'VDMAReset' [-Wimplicit-function-declaration]
   status = VDMAReset(&VdmaInstancePtr);
            ^~~~~~~~~
../src/display_api.h:61:11: warning: implicit declaration of function 'VDMAInit' [-Wimplicit-function-declaration]
  status = VDMAInit(&VdmaInstancePtr, 0, DISPLAY_X_SIZE, DISPLAY_Y_SIZE,
           ^~~~~~~~
../src/display_api.h:71:22: error: 'vdma_context' undeclared (first use in this function)
   buffer[i] = (u32*) vdma_context->ReadCfg.FrameStoreStartAddr[i];
                      ^~~~~~~~~~~~
../src/display_api.h:71:22: note: each undeclared identifier is reported only once for each function it appears in
../src/display_api.h: In function 'display_swap_buffers':
../src/display_api.h:190:2: warning: implicit declaration of function 'VDMAUpdateParkPtr' [-Wimplicit-function-declaration]
  VDMAUpdateParkPtr(writable_buffer_i);
  ^~~~~~~~~~~~~~~~~
make: *** [src/helloworld.o] Error 1
12:08:11 **** Auto Build of configuration Debug for project 0310_interrupt ****
make pre-build main-build 
a9-linaro-pre-build-step
' '
'Building file: ../src/helloworld.c'
'Invoking: ARM v7 gcc compiler'
arm-none-eabi-gcc -Wall -O0 -g3 -c -fmessage-length=0 -MT"src/helloworld.o" -mcpu=cortex-a9 -mfpu=vfpv3 -mfloat-abi=hard -I../../0310_interrupt_bsp/ps7_cortexa9_0/include -MMD -MP -MF"src/helloworld.d" -MT"src/helloworld.o" -o "src/helloworld.o" "../src/helloworld.c"
'Finished building: ../src/helloworld.c'
' '
'Building target: 0310_interrupt.elf'
'Invoking: ARM v7 gcc linker'
arm-none-eabi-gcc -mcpu=cortex-a9 -mfpu=vfpv3 -mfloat-abi=hard -Wl,-build-id=none -specs=Xilinx.spec -Wl,-T -Wl,../src/lscript.ld -L../../0310_interrupt_bsp/ps7_cortexa9_0/lib -o "0310_interrupt.elf"  ./src/helloworld.o ./src/platform.o   -Wl,--start-group,-lxil,-lgcc,-lc,--end-group
./src/helloworld.o: In function `display_init':
U:\180306_move_everything_from_pit9\180309_m3withupdatedInterrupt\180309_m3withupdatedInterrupt.sdk\0310_interrupt\Debug/../src/display_api.h:54: undefined reference to `VDMAReset'
U:\180306_move_everything_from_pit9\180309_m3withupdatedInterrupt\180309_m3withupdatedInterrupt.sdk\0310_interrupt\Debug/../src/display_api.h:61: undefined reference to `VDMAInit'
./src/helloworld.o: In function `display_swap_buffers':
U:\180306_move_everything_from_pit9\180309_m3withupdatedInterrupt\180309_m3withupdatedInterrupt.sdk\0310_interrupt\Debug/../src/display_api.h:190: undefined reference to `VDMAUpdateParkPtr'
collect2.exe: error: ld returned 1 exit status
make: *** [0310_interrupt.elf] Error 1
12:08:20 **** Auto Build of configuration Debug for project 0310_interrupt ****
make pre-build main-build 
a9-linaro-pre-build-step
' '
'Building file: ../src/vdma_api.c'
'Invoking: ARM v7 gcc compiler'
arm-none-eabi-gcc -Wall -O0 -g3 -c -fmessage-length=0 -MT"src/vdma_api.o" -mcpu=cortex-a9 -mfpu=vfpv3 -mfloat-abi=hard -I../../0310_interrupt_bsp/ps7_cortexa9_0/include -MMD -MP -MF"src/vdma_api.d" -MT"src/vdma_api.o" -o "src/vdma_api.o" "../src/vdma_api.c"
'Finished building: ../src/vdma_api.c'
' '
'Building target: 0310_interrupt.elf'
'Invoking: ARM v7 gcc linker'
arm-none-eabi-gcc -mcpu=cortex-a9 -mfpu=vfpv3 -mfloat-abi=hard -Wl,-build-id=none -specs=Xilinx.spec -Wl,-T -Wl,../src/lscript.ld -L../../0310_interrupt_bsp/ps7_cortexa9_0/lib -o "0310_interrupt.elf"  ./src/helloworld.o ./src/platform.o ./src/vdma_api.o   -Wl,--start-group,-lxil,-lgcc,-lc,--end-group
./src/helloworld.o: In function `display_init':
U:\180306_move_everything_from_pit9\180309_m3withupdatedInterrupt\180309_m3withupdatedInterrupt.sdk\0310_interrupt\Debug/../src/display_api.h:54: undefined reference to `VDMAReset'
U:\180306_move_everything_from_pit9\180309_m3withupdatedInterrupt\180309_m3withupdatedInterrupt.sdk\0310_interrupt\Debug/../src/display_api.h:61: undefined reference to `VDMAInit'
./src/helloworld.o: In function `display_swap_buffers':
U:\180306_move_everything_from_pit9\180309_m3withupdatedInterrupt\180309_m3withupdatedInterrupt.sdk\0310_interrupt\Debug/../src/display_api.h:190: undefined reference to `VDMAUpdateParkPtr'
collect2.exe: error: ld returned 1 exit status
make: *** [0310_interrupt.elf] Error 1
12:08:40 **** Auto Build of configuration Debug for project 0310_interrupt ****
make pre-build main-build 
a9-linaro-pre-build-step
' '
'Building file: ../src/vdma_api.c'
'Invoking: ARM v7 gcc compiler'
arm-none-eabi-gcc -Wall -O0 -g3 -c -fmessage-length=0 -MT"src/vdma_api.o" -mcpu=cortex-a9 -mfpu=vfpv3 -mfloat-abi=hard -I../../0310_interrupt_bsp/ps7_cortexa9_0/include -MMD -MP -MF"src/vdma_api.d" -MT"src/vdma_api.o" -o "src/vdma_api.o" "../src/vdma_api.c"
'Finished building: ../src/vdma_api.c'
' '
'Building target: 0310_interrupt.elf'
'Invoking: ARM v7 gcc linker'
arm-none-eabi-gcc -mcpu=cortex-a9 -mfpu=vfpv3 -mfloat-abi=hard -Wl,-build-id=none -specs=Xilinx.spec -Wl,-T -Wl,../src/lscript.ld -L../../0310_interrupt_bsp/ps7_cortexa9_0/lib -o "0310_interrupt.elf"  ./src/helloworld.o ./src/platform.o ./src/vdma_api.o   -Wl,--start-group,-lxil,-lgcc,-lc,--end-group
'Finished building target: 0310_interrupt.elf'
' '
'Invoking: ARM v7 Print Size'
arm-none-eabi-size 0310_interrupt.elf  |tee "0310_interrupt.elf.size"
   text	   data	    bss	    dec	    hex	filename
  43412	   2924	  25408	  71744	  11840	0310_interrupt.elf
'Finished building: 0310_interrupt.elf.size'
' '
12:10:01 **** Incremental Build of configuration Debug for project 0310_interrupt ****
make pre-build main-build 
a9-linaro-pre-build-step
' '
make: Nothing to be done for `main-build'.
12:10:53 **** Auto Build of configuration Debug for project 0310_interrupt ****
make pre-build main-build 
a9-linaro-pre-build-step
' '
'Building file: ../src/helloworld.c'
'Invoking: ARM v7 gcc compiler'
arm-none-eabi-gcc -Wall -O0 -g3 -c -fmessage-length=0 -MT"src/helloworld.o" -mcpu=cortex-a9 -mfpu=vfpv3 -mfloat-abi=hard -I../../0310_interrupt_bsp/ps7_cortexa9_0/include -MMD -MP -MF"src/helloworld.d" -MT"src/helloworld.o" -o "src/helloworld.o" "../src/helloworld.c"
'Finished building: ../src/helloworld.c'
' '
'Building target: 0310_interrupt.elf'
'Invoking: ARM v7 gcc linker'
arm-none-eabi-gcc -mcpu=cortex-a9 -mfpu=vfpv3 -mfloat-abi=hard -Wl,-build-id=none -specs=Xilinx.spec -Wl,-T -Wl,../src/lscript.ld -L../../0310_interrupt_bsp/ps7_cortexa9_0/lib -o "0310_interrupt.elf"  ./src/helloworld.o ./src/platform.o ./src/vdma_api.o   -Wl,--start-group,-lxil,-lgcc,-lc,--end-group
'Finished building target: 0310_interrupt.elf'
' '
'Invoking: ARM v7 Print Size'
arm-none-eabi-size 0310_interrupt.elf  |tee "0310_interrupt.elf.size"
   text	   data	    bss	    dec	    hex	filename
  43320	   2924	  25408	  71652	  117e4	0310_interrupt.elf
'Finished building: 0310_interrupt.elf.size'
' '
12:11:12 **** Auto Build of configuration Debug for project 0310_interrupt ****
make pre-build main-build 
a9-linaro-pre-build-step
' '
'Building file: ../src/helloworld.c'
'Invoking: ARM v7 gcc compiler'
arm-none-eabi-gcc -Wall -O0 -g3 -c -fmessage-length=0 -MT"src/helloworld.o" -mcpu=cortex-a9 -mfpu=vfpv3 -mfloat-abi=hard -I../../0310_interrupt_bsp/ps7_cortexa9_0/include -MMD -MP -MF"src/helloworld.d" -MT"src/helloworld.o" -o "src/helloworld.o" "../src/helloworld.c"
../src/helloworld.c: In function 'main':
../src/helloworld.c:164:40: error: 'LFSR_OUT_DEVICE_ID' undeclared (first use in this function)
  Status1 = XGpio_Initialize(&LFSR_OUT, LFSR_OUT_DEVICE_ID);
                                        ^~~~~~~~~~~~~~~~~~
../src/helloworld.c:164:40: note: each undeclared identifier is reported only once for each function it appears in
../src/helloworld.c:167:39: error: 'LFSR_IN_DEVICE_ID' undeclared (first use in this function)
  Status2 = XGpio_Initialize(&LFSR_IN, LFSR_IN_DEVICE_ID);
                                       ^~~~~~~~~~~~~~~~~
make: *** [src/helloworld.o] Error 1
12:11:25 **** Auto Build of configuration Debug for project 0310_interrupt ****
make pre-build main-build 
a9-linaro-pre-build-step
' '
'Building file: ../src/helloworld.c'
'Invoking: ARM v7 gcc compiler'
arm-none-eabi-gcc -Wall -O0 -g3 -c -fmessage-length=0 -MT"src/helloworld.o" -mcpu=cortex-a9 -mfpu=vfpv3 -mfloat-abi=hard -I../../0310_interrupt_bsp/ps7_cortexa9_0/include -MMD -MP -MF"src/helloworld.d" -MT"src/helloworld.o" -o "src/helloworld.o" "../src/helloworld.c"
'Finished building: ../src/helloworld.c'
' '
'Building target: 0310_interrupt.elf'
'Invoking: ARM v7 gcc linker'
arm-none-eabi-gcc -mcpu=cortex-a9 -mfpu=vfpv3 -mfloat-abi=hard -Wl,-build-id=none -specs=Xilinx.spec -Wl,-T -Wl,../src/lscript.ld -L../../0310_interrupt_bsp/ps7_cortexa9_0/lib -o "0310_interrupt.elf"  ./src/helloworld.o ./src/platform.o ./src/vdma_api.o   -Wl,--start-group,-lxil,-lgcc,-lc,--end-group
'Finished building target: 0310_interrupt.elf'
' '
'Invoking: ARM v7 Print Size'
arm-none-eabi-size 0310_interrupt.elf  |tee "0310_interrupt.elf.size"
   text	   data	    bss	    dec	    hex	filename
  43624	   2924	  25440	  71988	  11934	0310_interrupt.elf
'Finished building: 0310_interrupt.elf.size'
' '
12:12:05 **** Incremental Build of configuration Debug for project 0310_interrupt ****
make pre-build main-build 
a9-linaro-pre-build-step
' '
make: Nothing to be done for `main-build'.
12:17:16 **** Auto Build of configuration Debug for project 0310_interrupt ****
make pre-build main-build 
a9-linaro-pre-build-step
' '
'Building file: ../src/helloworld.c'
'Invoking: ARM v7 gcc compiler'
arm-none-eabi-gcc -Wall -O0 -g3 -c -fmessage-length=0 -MT"src/helloworld.o" -mcpu=cortex-a9 -mfpu=vfpv3 -mfloat-abi=hard -I../../0310_interrupt_bsp/ps7_cortexa9_0/include -MMD -MP -MF"src/helloworld.d" -MT"src/helloworld.o" -o "src/helloworld.o" "../src/helloworld.c"
../src/helloworld.c: In function 'main':
../src/helloworld.c:194:35: error: 'value' undeclared (first use in this function)
   xil_printf("value is : %i\n\r", value);
                                   ^~~~~
../src/helloworld.c:194:35: note: each undeclared identifier is reported only once for each function it appears in
make: *** [src/helloworld.o] Error 1
12:18:15 **** Auto Build of configuration Debug for project 0310_interrupt ****
make pre-build main-build 
a9-linaro-pre-build-step
' '
'Building file: ../src/helloworld.c'
'Invoking: ARM v7 gcc compiler'
arm-none-eabi-gcc -Wall -O0 -g3 -c -fmessage-length=0 -MT"src/helloworld.o" -mcpu=cortex-a9 -mfpu=vfpv3 -mfloat-abi=hard -I../../0310_interrupt_bsp/ps7_cortexa9_0/include -MMD -MP -MF"src/helloworld.d" -MT"src/helloworld.o" -o "src/helloworld.o" "../src/helloworld.c"
'Finished building: ../src/helloworld.c'
' '
'Building target: 0310_interrupt.elf'
'Invoking: ARM v7 gcc linker'
arm-none-eabi-gcc -mcpu=cortex-a9 -mfpu=vfpv3 -mfloat-abi=hard -Wl,-build-id=none -specs=Xilinx.spec -Wl,-T -Wl,../src/lscript.ld -L../../0310_interrupt_bsp/ps7_cortexa9_0/lib -o "0310_interrupt.elf"  ./src/helloworld.o ./src/platform.o ./src/vdma_api.o   -Wl,--start-group,-lxil,-lgcc,-lc,--end-group
'Finished building target: 0310_interrupt.elf'
' '
'Invoking: ARM v7 Print Size'
arm-none-eabi-size 0310_interrupt.elf  |tee "0310_interrupt.elf.size"
   text	   data	    bss	    dec	    hex	filename
  43608	   2924	  25440	  71972	  11924	0310_interrupt.elf
'Finished building: 0310_interrupt.elf.size'
' '
12:18:35 **** Auto Build of configuration Debug for project 0310_interrupt ****
make pre-build main-build 
a9-linaro-pre-build-step
' '
'Building file: ../src/helloworld.c'
'Invoking: ARM v7 gcc compiler'
arm-none-eabi-gcc -Wall -O0 -g3 -c -fmessage-length=0 -MT"src/helloworld.o" -mcpu=cortex-a9 -mfpu=vfpv3 -mfloat-abi=hard -I../../0310_interrupt_bsp/ps7_cortexa9_0/include -MMD -MP -MF"src/helloworld.d" -MT"src/helloworld.o" -o "src/helloworld.o" "../src/helloworld.c"
'Finished building: ../src/helloworld.c'
' '
'Building target: 0310_interrupt.elf'
'Invoking: ARM v7 gcc linker'
arm-none-eabi-gcc -mcpu=cortex-a9 -mfpu=vfpv3 -mfloat-abi=hard -Wl,-build-id=none -specs=Xilinx.spec -Wl,-T -Wl,../src/lscript.ld -L../../0310_interrupt_bsp/ps7_cortexa9_0/lib -o "0310_interrupt.elf"  ./src/helloworld.o ./src/platform.o ./src/vdma_api.o   -Wl,--start-group,-lxil,-lgcc,-lc,--end-group
'Finished building target: 0310_interrupt.elf'
' '
'Invoking: ARM v7 Print Size'
arm-none-eabi-size 0310_interrupt.elf  |tee "0310_interrupt.elf.size"
   text	   data	    bss	    dec	    hex	filename
  43628	   2924	  25440	  71992	  11938	0310_interrupt.elf
'Finished building: 0310_interrupt.elf.size'
' '
12:18:46 **** Incremental Build of configuration Debug for project 0310_interrupt ****
make pre-build main-build 
a9-linaro-pre-build-step
' '
make: Nothing to be done for `main-build'.
12:19:14 **** Auto Build of configuration Debug for project 0310_interrupt ****
make pre-build main-build 
a9-linaro-pre-build-step
' '
'Building file: ../src/helloworld.c'
'Invoking: ARM v7 gcc compiler'
arm-none-eabi-gcc -Wall -O0 -g3 -c -fmessage-length=0 -MT"src/helloworld.o" -mcpu=cortex-a9 -mfpu=vfpv3 -mfloat-abi=hard -I../../0310_interrupt_bsp/ps7_cortexa9_0/include -MMD -MP -MF"src/helloworld.d" -MT"src/helloworld.o" -o "src/helloworld.o" "../src/helloworld.c"
'Finished building: ../src/helloworld.c'
' '
'Building target: 0310_interrupt.elf'
'Invoking: ARM v7 gcc linker'
arm-none-eabi-gcc -mcpu=cortex-a9 -mfpu=vfpv3 -mfloat-abi=hard -Wl,-build-id=none -specs=Xilinx.spec -Wl,-T -Wl,../src/lscript.ld -L../../0310_interrupt_bsp/ps7_cortexa9_0/lib -o "0310_interrupt.elf"  ./src/helloworld.o ./src/platform.o ./src/vdma_api.o   -Wl,--start-group,-lxil,-lgcc,-lc,--end-group
'Finished building target: 0310_interrupt.elf'
' '
'Invoking: ARM v7 Print Size'
arm-none-eabi-size 0310_interrupt.elf  |tee "0310_interrupt.elf.size"
   text	   data	    bss	    dec	    hex	filename
  43632	   2924	  25440	  71996	  1193c	0310_interrupt.elf
'Finished building: 0310_interrupt.elf.size'
' '
12:19:33 **** Incremental Build of configuration Debug for project 0310_interrupt ****
make pre-build main-build 
a9-linaro-pre-build-step
' '
make: Nothing to be done for `main-build'.
12:21:33 **** Auto Build of configuration Debug for project 0310_interrupt ****
make pre-build main-build 
a9-linaro-pre-build-step
' '
'Building file: ../src/helloworld.c'
'Invoking: ARM v7 gcc compiler'
arm-none-eabi-gcc -Wall -O0 -g3 -c -fmessage-length=0 -MT"src/helloworld.o" -mcpu=cortex-a9 -mfpu=vfpv3 -mfloat-abi=hard -I../../0310_interrupt_bsp/ps7_cortexa9_0/include -MMD -MP -MF"src/helloworld.d" -MT"src/helloworld.o" -o "src/helloworld.o" "../src/helloworld.c"
../src/helloworld.c: In function 'main':
../src/helloworld.c:158:11: warning: implicit declaration of function 'IntcInitFunction' [-Wimplicit-function-declaration]
  status = IntcInitFunction(INTC_DEVICE_ID, &BTNInst);
           ^~~~~~~~~~~~~~~~
At top level:
../src/helloworld.c:28:12: warning: 'btn_value' defined but not used [-Wunused-variable]
 static int btn_value;
            ^~~~~~~~~
../src/helloworld.c:25:16: warning: 'INTCInst' defined but not used [-Wunused-variable]
 static XScuGic INTCInst;
                ^~~~~~~~
'Finished building: ../src/helloworld.c'
' '
'Building target: 0310_interrupt.elf'
'Invoking: ARM v7 gcc linker'
arm-none-eabi-gcc -mcpu=cortex-a9 -mfpu=vfpv3 -mfloat-abi=hard -Wl,-build-id=none -specs=Xilinx.spec -Wl,-T -Wl,../src/lscript.ld -L../../0310_interrupt_bsp/ps7_cortexa9_0/lib -o "0310_interrupt.elf"  ./src/helloworld.o ./src/platform.o ./src/vdma_api.o   -Wl,--start-group,-lxil,-lgcc,-lc,--end-group
./src/helloworld.o: In function `main':
U:\180306_move_everything_from_pit9\180309_m3withupdatedInterrupt\180309_m3withupdatedInterrupt.sdk\0310_interrupt\Debug/../src/helloworld.c:158: undefined reference to `IntcInitFunction'
collect2.exe: error: ld returned 1 exit status
make: *** [0310_interrupt.elf] Error 1
12:22:51 **** Auto Build of configuration Debug for project 0310_interrupt ****
make pre-build main-build 
a9-linaro-pre-build-step
' '
'Building file: ../src/helloworld.c'
'Invoking: ARM v7 gcc compiler'
arm-none-eabi-gcc -Wall -O0 -g3 -c -fmessage-length=0 -MT"src/helloworld.o" -mcpu=cortex-a9 -mfpu=vfpv3 -mfloat-abi=hard -I../../0310_interrupt_bsp/ps7_cortexa9_0/include -MMD -MP -MF"src/helloworld.d" -MT"src/helloworld.o" -o "src/helloworld.o" "../src/helloworld.c"
../src/helloworld.c: In function 'main':
../src/helloworld.c:160:11: warning: implicit declaration of function 'IntcInitFunction' [-Wimplicit-function-declaration]
  status = IntcInitFunction(INTC_DEVICE_ID, &BTNInst);
           ^~~~~~~~~~~~~~~~
At top level:
../src/helloworld.c:24:12: warning: 'btn_value' defined but not used [-Wunused-variable]
 static int btn_value;
            ^~~~~~~~~
../src/helloworld.c:23:16: warning: 'INTCInst' defined but not used [-Wunused-variable]
 static XScuGic INTCInst;
                ^~~~~~~~
'Finished building: ../src/helloworld.c'
' '
'Building target: 0310_interrupt.elf'
'Invoking: ARM v7 gcc linker'
arm-none-eabi-gcc -mcpu=cortex-a9 -mfpu=vfpv3 -mfloat-abi=hard -Wl,-build-id=none -specs=Xilinx.spec -Wl,-T -Wl,../src/lscript.ld -L../../0310_interrupt_bsp/ps7_cortexa9_0/lib -o "0310_interrupt.elf"  ./src/helloworld.o ./src/platform.o ./src/vdma_api.o   -Wl,--start-group,-lxil,-lgcc,-lc,--end-group
./src/helloworld.o: In function `main':
U:\180306_move_everything_from_pit9\180309_m3withupdatedInterrupt\180309_m3withupdatedInterrupt.sdk\0310_interrupt\Debug/../src/helloworld.c:160: undefined reference to `IntcInitFunction'
collect2.exe: error: ld returned 1 exit status
make: *** [0310_interrupt.elf] Error 1
12:23:06 **** Auto Build of configuration Debug for project 0310_interrupt ****
make pre-build main-build 
a9-linaro-pre-build-step
' '
'Building file: ../src/helloworld.c'
'Invoking: ARM v7 gcc compiler'
arm-none-eabi-gcc -Wall -O0 -g3 -c -fmessage-length=0 -MT"src/helloworld.o" -mcpu=cortex-a9 -mfpu=vfpv3 -mfloat-abi=hard -I../../0310_interrupt_bsp/ps7_cortexa9_0/include -MMD -MP -MF"src/helloworld.d" -MT"src/helloworld.o" -o "src/helloworld.o" "../src/helloworld.c"
../src/helloworld.c: In function 'main':
../src/helloworld.c:160:11: warning: implicit declaration of function 'IntcInitFunction' [-Wimplicit-function-declaration]
  status = IntcInitFunction(INTC_DEVICE_ID, &BTNInst);
           ^~~~~~~~~~~~~~~~
At top level:
../src/helloworld.c:24:12: warning: 'btn_value' defined but not used [-Wunused-variable]
 static int btn_value;
            ^~~~~~~~~
../src/helloworld.c:23:16: warning: 'INTCInst' defined but not used [-Wunused-variable]
 static XScuGic INTCInst;
                ^~~~~~~~
'Finished building: ../src/helloworld.c'
' '
'Building target: 0310_interrupt.elf'
'Invoking: ARM v7 gcc linker'
arm-none-eabi-gcc -mcpu=cortex-a9 -mfpu=vfpv3 -mfloat-abi=hard -Wl,-build-id=none -specs=Xilinx.spec -Wl,-T -Wl,../src/lscript.ld -L../../0310_interrupt_bsp/ps7_cortexa9_0/lib -o "0310_interrupt.elf"  ./src/helloworld.o ./src/platform.o ./src/vdma_api.o   -Wl,--start-group,-lxil,-lgcc,-lc,--end-group
./src/helloworld.o: In function `main':
U:\180306_move_everything_from_pit9\180309_m3withupdatedInterrupt\180309_m3withupdatedInterrupt.sdk\0310_interrupt\Debug/../src/helloworld.c:160: undefined reference to `IntcInitFunction'
collect2.exe: error: ld returned 1 exit status
make: *** [0310_interrupt.elf] Error 1
12:23:20 **** Auto Build of configuration Debug for project 0310_interrupt ****
make pre-build main-build 
a9-linaro-pre-build-step
' '
'Building file: ../src/helloworld.c'
'Invoking: ARM v7 gcc compiler'
arm-none-eabi-gcc -Wall -O0 -g3 -c -fmessage-length=0 -MT"src/helloworld.o" -mcpu=cortex-a9 -mfpu=vfpv3 -mfloat-abi=hard -I../../0310_interrupt_bsp/ps7_cortexa9_0/include -MMD -MP -MF"src/helloworld.d" -MT"src/helloworld.o" -o "src/helloworld.o" "../src/helloworld.c"
../src/helloworld.c:24:12: warning: 'btn_value' defined but not used [-Wunused-variable]
 static int btn_value;
            ^~~~~~~~~
../src/helloworld.c:23:16: warning: 'INTCInst' defined but not used [-Wunused-variable]
 static XScuGic INTCInst;
                ^~~~~~~~
../src/helloworld.c:22:14: warning: 'BTNInst' defined but not used [-Wunused-variable]
 static XGpio BTNInst;
              ^~~~~~~
'Finished building: ../src/helloworld.c'
' '
'Building target: 0310_interrupt.elf'
'Invoking: ARM v7 gcc linker'
arm-none-eabi-gcc -mcpu=cortex-a9 -mfpu=vfpv3 -mfloat-abi=hard -Wl,-build-id=none -specs=Xilinx.spec -Wl,-T -Wl,../src/lscript.ld -L../../0310_interrupt_bsp/ps7_cortexa9_0/lib -o "0310_interrupt.elf"  ./src/helloworld.o ./src/platform.o ./src/vdma_api.o   -Wl,--start-group,-lxil,-lgcc,-lc,--end-group
'Finished building target: 0310_interrupt.elf'
' '
'Invoking: ARM v7 Print Size'
arm-none-eabi-size 0310_interrupt.elf  |tee "0310_interrupt.elf.size"
   text	   data	    bss	    dec	    hex	filename
  38528	   1348	  25440	  65316	   ff24	0310_interrupt.elf
'Finished building: 0310_interrupt.elf.size'
' '
12:31:10 **** Auto Build of configuration Debug for project 0310_interrupt ****
make pre-build main-build 
a9-linaro-pre-build-step
' '
'Building file: ../src/helloworld.c'
'Invoking: ARM v7 gcc compiler'
arm-none-eabi-gcc -Wall -O0 -g3 -c -fmessage-length=0 -MT"src/helloworld.o" -mcpu=cortex-a9 -mfpu=vfpv3 -mfloat-abi=hard -I../../0310_interrupt_bsp/ps7_cortexa9_0/include -MMD -MP -MF"src/helloworld.d" -MT"src/helloworld.o" -o "src/helloworld.o" "../src/helloworld.c"
../src/helloworld.c:17:0: warning: "INTC_DEVICE_ID" redefined
 #define INTC_DEVICE_ID    XPAR_SCUGIC_0_DEVICE_ID//
 
../src/helloworld.c:14:0: note: this is the location of the previous definition
 #define INTC_DEVICE_ID     XPAR_PS7_SCUGIC_0_DEVICE_ID
 
../src/helloworld.c:27:12: warning: 'btn_value' defined but not used [-Wunused-variable]
 static int btn_value;
            ^~~~~~~~~
../src/helloworld.c:26:16: warning: 'INTCInst' defined but not used [-Wunused-variable]
 static XScuGic INTCInst;
                ^~~~~~~~
../src/helloworld.c:25:14: warning: 'BTNInst' defined but not used [-Wunused-variable]
 static XGpio BTNInst;
              ^~~~~~~
'Finished building: ../src/helloworld.c'
' '
'Building target: 0310_interrupt.elf'
'Invoking: ARM v7 gcc linker'
arm-none-eabi-gcc -mcpu=cortex-a9 -mfpu=vfpv3 -mfloat-abi=hard -Wl,-build-id=none -specs=Xilinx.spec -Wl,-T -Wl,../src/lscript.ld -L../../0310_interrupt_bsp/ps7_cortexa9_0/lib -o "0310_interrupt.elf"  ./src/helloworld.o ./src/platform.o ./src/vdma_api.o   -Wl,--start-group,-lxil,-lgcc,-lc,--end-group
'Finished building target: 0310_interrupt.elf'
' '
'Invoking: ARM v7 Print Size'
arm-none-eabi-size 0310_interrupt.elf  |tee "0310_interrupt.elf.size"
   text	   data	    bss	    dec	    hex	filename
  38528	   1348	  25440	  65316	   ff24	0310_interrupt.elf
'Finished building: 0310_interrupt.elf.size'
' '
12:32:15 **** Auto Build of configuration Debug for project 0310_interrupt ****
make pre-build main-build 
a9-linaro-pre-build-step
' '
'Building file: ../src/helloworld.c'
'Invoking: ARM v7 gcc compiler'
arm-none-eabi-gcc -Wall -O0 -g3 -c -fmessage-length=0 -MT"src/helloworld.o" -mcpu=cortex-a9 -mfpu=vfpv3 -mfloat-abi=hard -I../../0310_interrupt_bsp/ps7_cortexa9_0/include -MMD -MP -MF"src/helloworld.d" -MT"src/helloworld.o" -o "src/helloworld.o" "../src/helloworld.c"
../src/helloworld.c:17:0: warning: "INTC_DEVICE_ID" redefined
 #define INTC_DEVICE_ID    XPAR_SCUGIC_0_DEVICE_ID//
 
../src/helloworld.c:14:0: note: this is the location of the previous definition
 #define INTC_DEVICE_ID     XPAR_PS7_SCUGIC_0_DEVICE_ID
 
../src/helloworld.c:26:16: warning: 'INTCInst' defined but not used [-Wunused-variable]
 static XScuGic INTCInst;
                ^~~~~~~~
'Finished building: ../src/helloworld.c'
' '
'Building target: 0310_interrupt.elf'
'Invoking: ARM v7 gcc linker'
arm-none-eabi-gcc -mcpu=cortex-a9 -mfpu=vfpv3 -mfloat-abi=hard -Wl,-build-id=none -specs=Xilinx.spec -Wl,-T -Wl,../src/lscript.ld -L../../0310_interrupt_bsp/ps7_cortexa9_0/lib -o "0310_interrupt.elf"  ./src/helloworld.o ./src/platform.o ./src/vdma_api.o   -Wl,--start-group,-lxil,-lgcc,-lc,--end-group
'Finished building target: 0310_interrupt.elf'
' '
'Invoking: ARM v7 Print Size'
arm-none-eabi-size 0310_interrupt.elf  |tee "0310_interrupt.elf.size"
   text	   data	    bss	    dec	    hex	filename
  40212	   1348	  25440	  67000	  105b8	0310_interrupt.elf
'Finished building: 0310_interrupt.elf.size'
' '
12:32:22 **** Auto Build of configuration Debug for project 0310_interrupt ****
make pre-build main-build 
a9-linaro-pre-build-step
' '
'Building file: ../src/helloworld.c'
'Invoking: ARM v7 gcc compiler'
arm-none-eabi-gcc -Wall -O0 -g3 -c -fmessage-length=0 -MT"src/helloworld.o" -mcpu=cortex-a9 -mfpu=vfpv3 -mfloat-abi=hard -I../../0310_interrupt_bsp/ps7_cortexa9_0/include -MMD -MP -MF"src/helloworld.d" -MT"src/helloworld.o" -o "src/helloworld.o" "../src/helloworld.c"
../src/helloworld.c:17:0: warning: "INTC_DEVICE_ID" redefined
 #define INTC_DEVICE_ID    XPAR_SCUGIC_0_DEVICE_ID//
 
../src/helloworld.c:14:0: note: this is the location of the previous definition
 #define INTC_DEVICE_ID     XPAR_PS7_SCUGIC_0_DEVICE_ID
 
../src/helloworld.c:26:16: warning: 'INTCInst' defined but not used [-Wunused-variable]
 static XScuGic INTCInst;
                ^~~~~~~~
'Finished building: ../src/helloworld.c'
' '
'Building target: 0310_interrupt.elf'
'Invoking: ARM v7 gcc linker'
arm-none-eabi-gcc -mcpu=cortex-a9 -mfpu=vfpv3 -mfloat-abi=hard -Wl,-build-id=none -specs=Xilinx.spec -Wl,-T -Wl,../src/lscript.ld -L../../0310_interrupt_bsp/ps7_cortexa9_0/lib -o "0310_interrupt.elf"  ./src/helloworld.o ./src/platform.o ./src/vdma_api.o   -Wl,--start-group,-lxil,-lgcc,-lc,--end-group
'Finished building target: 0310_interrupt.elf'
' '
'Invoking: ARM v7 Print Size'
arm-none-eabi-size 0310_interrupt.elf  |tee "0310_interrupt.elf.size"
   text	   data	    bss	    dec	    hex	filename
  40212	   1348	  25440	  67000	  105b8	0310_interrupt.elf
'Finished building: 0310_interrupt.elf.size'
' '
12:34:04 **** Auto Build of configuration Debug for project 0310_interrupt ****
make pre-build main-build 
a9-linaro-pre-build-step
' '
'Building file: ../src/helloworld.c'
'Invoking: ARM v7 gcc compiler'
arm-none-eabi-gcc -Wall -O0 -g3 -c -fmessage-length=0 -MT"src/helloworld.o" -mcpu=cortex-a9 -mfpu=vfpv3 -mfloat-abi=hard -I../../0310_interrupt_bsp/ps7_cortexa9_0/include -MMD -MP -MF"src/helloworld.d" -MT"src/helloworld.o" -o "src/helloworld.o" "../src/helloworld.c"
../src/helloworld.c:17:0: warning: "INTC_DEVICE_ID" redefined
 #define INTC_DEVICE_ID    XPAR_SCUGIC_0_DEVICE_ID//
 
../src/helloworld.c:14:0: note: this is the location of the previous definition
 #define INTC_DEVICE_ID     XPAR_PS7_SCUGIC_0_DEVICE_ID
 
../src/helloworld.c:171:25: error: unknown type name 'INTC'
 int GpioSetupIntrSystem(INTC *IntcInstancePtr, XGpio *InstancePtr, u16 IntrId, u16 IntrMask)
                         ^~~~
../src/helloworld.c: In function 'Init_Gpio':
../src/helloworld.c:232:11: warning: implicit declaration of function 'GpioSetupIntrSystem' [-Wimplicit-function-declaration]
  Status = GpioSetupIntrSystem(&INTCInst, &BTNInst, XPAR_FABRIC_GPIO_2_VEC_ID, BTN_INT);
           ^~~~~~~~~~~~~~~~~~~
../src/helloworld.c:232:52: error: 'XPAR_FABRIC_GPIO_2_VEC_ID' undeclared (first use in this function)
  Status = GpioSetupIntrSystem(&INTCInst, &BTNInst, XPAR_FABRIC_GPIO_2_VEC_ID, BTN_INT);
                                                    ^~~~~~~~~~~~~~~~~~~~~~~~~
../src/helloworld.c:232:52: note: each undeclared identifier is reported only once for each function it appears in
make: *** [src/helloworld.o] Error 1
12:34:20 **** Auto Build of configuration Debug for project 0310_interrupt ****
make pre-build main-build 
a9-linaro-pre-build-step
' '
'Building file: ../src/helloworld.c'
'Invoking: ARM v7 gcc compiler'
arm-none-eabi-gcc -Wall -O0 -g3 -c -fmessage-length=0 -MT"src/helloworld.o" -mcpu=cortex-a9 -mfpu=vfpv3 -mfloat-abi=hard -I../../0310_interrupt_bsp/ps7_cortexa9_0/include -MMD -MP -MF"src/helloworld.d" -MT"src/helloworld.o" -o "src/helloworld.o" "../src/helloworld.c"
../src/helloworld.c:17:0: warning: "INTC_DEVICE_ID" redefined
 #define INTC_DEVICE_ID    XPAR_SCUGIC_0_DEVICE_ID//
 
../src/helloworld.c:14:0: note: this is the location of the previous definition
 #define INTC_DEVICE_ID     XPAR_PS7_SCUGIC_0_DEVICE_ID
 
../src/helloworld.c:171:25: error: unknown type name 'INTC'
 int GpioSetupIntrSystem(INTC *IntcInstancePtr, XGpio *InstancePtr, u16 IntrId, u16 IntrMask)
                         ^~~~
../src/helloworld.c: In function 'Init_Gpio':
../src/helloworld.c:232:11: warning: implicit declaration of function 'GpioSetupIntrSystem' [-Wimplicit-function-declaration]
  Status = GpioSetupIntrSystem(&INTCInst, &BTNInst, INTC_GPIO_INTERRUPT_ID, BTN_INT);
           ^~~~~~~~~~~~~~~~~~~
make: *** [src/helloworld.o] Error 1
12:34:42 **** Auto Build of configuration Debug for project 0310_interrupt ****
make pre-build main-build 
a9-linaro-pre-build-step
' '
'Building file: ../src/helloworld.c'
'Invoking: ARM v7 gcc compiler'
arm-none-eabi-gcc -Wall -O0 -g3 -c -fmessage-length=0 -MT"src/helloworld.o" -mcpu=cortex-a9 -mfpu=vfpv3 -mfloat-abi=hard -I../../0310_interrupt_bsp/ps7_cortexa9_0/include -MMD -MP -MF"src/helloworld.d" -MT"src/helloworld.o" -o "src/helloworld.o" "../src/helloworld.c"
../src/helloworld.c:17:0: warning: "INTC_DEVICE_ID" redefined
 #define INTC_DEVICE_ID    XPAR_SCUGIC_0_DEVICE_ID//
 
../src/helloworld.c:14:0: note: this is the location of the previous definition
 #define INTC_DEVICE_ID     XPAR_PS7_SCUGIC_0_DEVICE_ID
 
'Finished building: ../src/helloworld.c'
' '
'Building target: 0310_interrupt.elf'
'Invoking: ARM v7 gcc linker'
arm-none-eabi-gcc -mcpu=cortex-a9 -mfpu=vfpv3 -mfloat-abi=hard -Wl,-build-id=none -specs=Xilinx.spec -Wl,-T -Wl,../src/lscript.ld -L../../0310_interrupt_bsp/ps7_cortexa9_0/lib -o "0310_interrupt.elf"  ./src/helloworld.o ./src/platform.o ./src/vdma_api.o   -Wl,--start-group,-lxil,-lgcc,-lc,--end-group
'Finished building target: 0310_interrupt.elf'
' '
'Invoking: ARM v7 Print Size'
arm-none-eabi-size 0310_interrupt.elf  |tee "0310_interrupt.elf.size"
   text	   data	    bss	    dec	    hex	filename
  55162	   3964	  25504	  84630	  14a96	0310_interrupt.elf
'Finished building: 0310_interrupt.elf.size'
' '
12:35:19 **** Auto Build of configuration Debug for project 0310_interrupt ****
make pre-build main-build 
a9-linaro-pre-build-step
' '
'Building file: ../src/helloworld.c'
'Invoking: ARM v7 gcc compiler'
arm-none-eabi-gcc -Wall -O0 -g3 -c -fmessage-length=0 -MT"src/helloworld.o" -mcpu=cortex-a9 -mfpu=vfpv3 -mfloat-abi=hard -I../../0310_interrupt_bsp/ps7_cortexa9_0/include -MMD -MP -MF"src/helloworld.d" -MT"src/helloworld.o" -o "src/helloworld.o" "../src/helloworld.c"
../src/helloworld.c:17:0: warning: "INTC_DEVICE_ID" redefined
 #define INTC_DEVICE_ID    XPAR_SCUGIC_0_DEVICE_ID//
 
../src/helloworld.c:14:0: note: this is the location of the previous definition
 #define INTC_DEVICE_ID     XPAR_PS7_SCUGIC_0_DEVICE_ID
 
'Finished building: ../src/helloworld.c'
' '
'Building target: 0310_interrupt.elf'
'Invoking: ARM v7 gcc linker'
arm-none-eabi-gcc -mcpu=cortex-a9 -mfpu=vfpv3 -mfloat-abi=hard -Wl,-build-id=none -specs=Xilinx.spec -Wl,-T -Wl,../src/lscript.ld -L../../0310_interrupt_bsp/ps7_cortexa9_0/lib -o "0310_interrupt.elf"  ./src/helloworld.o ./src/platform.o ./src/vdma_api.o   -Wl,--start-group,-lxil,-lgcc,-lc,--end-group
'Finished building target: 0310_interrupt.elf'
' '
'Invoking: ARM v7 Print Size'
arm-none-eabi-size 0310_interrupt.elf  |tee "0310_interrupt.elf.size"
   text	   data	    bss	    dec	    hex	filename
  55162	   3964	  25504	  84630	  14a96	0310_interrupt.elf
'Finished building: 0310_interrupt.elf.size'
' '
12:35:33 **** Incremental Build of configuration Debug for project 0310_interrupt ****
make pre-build main-build 
a9-linaro-pre-build-step
' '
make: Nothing to be done for `main-build'.
12:35:43 **** Incremental Build of configuration Debug for project 0310_interrupt ****
make pre-build main-build 
a9-linaro-pre-build-step
' '
make: Nothing to be done for `main-build'.
12:37:46 **** Incremental Build of configuration Debug for project 0310_interrupt ****
make pre-build main-build 
a9-linaro-pre-build-step
' '
make: Nothing to be done for `main-build'.
12:38:46 **** Auto Build of configuration Debug for project 0310_interrupt ****
make pre-build main-build 
a9-linaro-pre-build-step
' '
make: Nothing to be done for `main-build'.
12:39:42 **** Auto Build of configuration Debug for project 0310_interrupt ****
make pre-build main-build 
a9-linaro-pre-build-step
' '
'Building file: ../src/helloworld.c'
'Invoking: ARM v7 gcc compiler'
arm-none-eabi-gcc -Wall -O0 -g3 -c -fmessage-length=0 -MT"src/helloworld.o" -mcpu=cortex-a9 -mfpu=vfpv3 -mfloat-abi=hard -I../../0310_interrupt_bsp/ps7_cortexa9_0/include -MMD -MP -MF"src/helloworld.d" -MT"src/helloworld.o" -o "src/helloworld.o" "../src/helloworld.c"
../src/helloworld.c: In function 'main':
../src/helloworld.c:52:2: warning: implicit declaration of function 'Init_Gpio' [-Wimplicit-function-declaration]
  Init_Gpio();
  ^~~~~~~~~
../src/helloworld.c:88:7: error: 'flag_btnc' undeclared (first use in this function)
   if (flag_btnc == 1){
       ^~~~~~~~~
../src/helloworld.c:88:7: note: each undeclared identifier is reported only once for each function it appears in
../src/helloworld.c:97:7: error: 'flag_btnr' undeclared (first use in this function)
   if (flag_btnr == 1 && init_paddle_x0 < 730){
       ^~~~~~~~~
../src/helloworld.c:102:7: error: 'flag_btnl' undeclared (first use in this function)
   if (flag_btnl == 1 && init_paddle_x0 >50){
       ^~~~~~~~~
make: *** [src/helloworld.o] Error 1
12:39:45 **** Auto Build of configuration Debug for project 0310_interrupt ****
make pre-build main-build 
a9-linaro-pre-build-step
' '
'Building file: ../src/helloworld.c'
'Invoking: ARM v7 gcc compiler'
arm-none-eabi-gcc -Wall -O0 -g3 -c -fmessage-length=0 -MT"src/helloworld.o" -mcpu=cortex-a9 -mfpu=vfpv3 -mfloat-abi=hard -I../../0310_interrupt_bsp/ps7_cortexa9_0/include -MMD -MP -MF"src/helloworld.d" -MT"src/helloworld.o" -o "src/helloworld.o" "../src/helloworld.c"
In file included from ../src/helloworld.c:12:0:
../src/interrupt_btn.h:15:0: warning: "INTC_DEVICE_ID" redefined
 #define INTC_DEVICE_ID    XPAR_SCUGIC_0_DEVICE_ID//
 
../src/interrupt_btn.h:12:0: note: this is the location of the previous definition
 #define INTC_DEVICE_ID     XPAR_PS7_SCUGIC_0_DEVICE_ID
 
'Finished building: ../src/helloworld.c'
' '
'Building target: 0310_interrupt.elf'
'Invoking: ARM v7 gcc linker'
arm-none-eabi-gcc -mcpu=cortex-a9 -mfpu=vfpv3 -mfloat-abi=hard -Wl,-build-id=none -specs=Xilinx.spec -Wl,-T -Wl,../src/lscript.ld -L../../0310_interrupt_bsp/ps7_cortexa9_0/lib -o "0310_interrupt.elf"  ./src/helloworld.o ./src/platform.o ./src/vdma_api.o   -Wl,--start-group,-lxil,-lgcc,-lc,--end-group
'Finished building target: 0310_interrupt.elf'
' '
'Invoking: ARM v7 Print Size'
arm-none-eabi-size 0310_interrupt.elf  |tee "0310_interrupt.elf.size"
   text	   data	    bss	    dec	    hex	filename
  55162	   3964	  25504	  84630	  14a96	0310_interrupt.elf
'Finished building: 0310_interrupt.elf.size'
' '
12:40:27 **** Incremental Build of configuration Debug for project 0310_interrupt ****
make pre-build main-build 
a9-linaro-pre-build-step
' '
make: Nothing to be done for `main-build'.
12:41:23 **** Auto Build of configuration Debug for project 0310_interrupt ****
make pre-build main-build 
a9-linaro-pre-build-step
' '
make: *** No rule to make target `../src/helloworld.c', needed by `src/helloworld.o'.  Stop.
12:43:35 **** Build of project 0310_interrupt_bsp ****
make -k all 
make: *** No rule to make target `all'.
12:45:04 **** Build of project 0310_M2M3M4_bsp ****
make -k all 
"Running Make include in ps7_cortexa9_0/libsrc/axivdma_v6_4/src"
make -C ps7_cortexa9_0/libsrc/axivdma_v6_4/src -s include  "SHELL=CMD" "COMPILER=arm-none-eabi-gcc" "ARCHIVER=arm-none-eabi-ar" "COMPILER_FLAGS=  -O2 -c" "EXTRA_COMPILER_FLAGS=-mcpu=cortex-a9 -mfpu=vfpv3 -mfloat-abi=hard -nostartfiles -Wall -Wextra"
"Running Make include in ps7_cortexa9_0/libsrc/coresightps_dcc_v1_4/src"
make -C ps7_cortexa9_0/libsrc/coresightps_dcc_v1_4/src -s include  "SHELL=CMD" "COMPILER=arm-none-eabi-gcc" "ARCHIVER=arm-none-eabi-ar" "COMPILER_FLAGS=  -O2 -c" "EXTRA_COMPILER_FLAGS=-mcpu=cortex-a9 -mfpu=vfpv3 -mfloat-abi=hard -nostartfiles -Wall -Wextra"
"Running Make include in ps7_cortexa9_0/libsrc/cpu_cortexa9_v2_5/src"
make -C ps7_cortexa9_0/libsrc/cpu_cortexa9_v2_5/src -s include  "SHELL=CMD" "COMPILER=arm-none-eabi-gcc" "ARCHIVER=arm-none-eabi-ar" "COMPILER_FLAGS=  -O2 -c" "EXTRA_COMPILER_FLAGS=-mcpu=cortex-a9 -mfpu=vfpv3 -mfloat-abi=hard -nostartfiles -Wall -Wextra"
"Running Make include in ps7_cortexa9_0/libsrc/ddrps_v1_0/src"
make -C ps7_cortexa9_0/libsrc/ddrps_v1_0/src -s include  "SHELL=CMD" "COMPILER=arm-none-eabi-gcc" "ARCHIVER=arm-none-eabi-ar" "COMPILER_FLAGS=  -O2 -c" "EXTRA_COMPILER_FLAGS=-mcpu=cortex-a9 -mfpu=vfpv3 -mfloat-abi=hard -nostartfiles -Wall -Wextra"
"Running Make include in ps7_cortexa9_0/libsrc/devcfg_v3_5/src"
make -C ps7_cortexa9_0/libsrc/devcfg_v3_5/src -s include  "SHELL=CMD" "COMPILER=arm-none-eabi-gcc" "ARCHIVER=arm-none-eabi-ar" "COMPILER_FLAGS=  -O2 -c" "EXTRA_COMPILER_FLAGS=-mcpu=cortex-a9 -mfpu=vfpv3 -mfloat-abi=hard -nostartfiles -Wall -Wextra"
"Running Make include in ps7_cortexa9_0/libsrc/dmaps_v2_3/src"
make -C ps7_cortexa9_0/libsrc/dmaps_v2_3/src -s include  "SHELL=CMD" "COMPILER=arm-none-eabi-gcc" "ARCHIVER=arm-none-eabi-ar" "COMPILER_FLAGS=  -O2 -c" "EXTRA_COMPILER_FLAGS=-mcpu=cortex-a9 -mfpu=vfpv3 -mfloat-abi=hard -nostartfiles -Wall -Wextra"
"Running Make include in ps7_cortexa9_0/libsrc/emacps_v3_5/src"
make -C ps7_cortexa9_0/libsrc/emacps_v3_5/src -s include  "SHELL=CMD" "COMPILER=arm-none-eabi-gcc" "ARCHIVER=arm-none-eabi-ar" "COMPILER_FLAGS=  -O2 -c" "EXTRA_COMPILER_FLAGS=-mcpu=cortex-a9 -mfpu=vfpv3 -mfloat-abi=hard -nostartfiles -Wall -Wextra"
"Running Make include in ps7_cortexa9_0/libsrc/gpio_v4_3/src"
make -C ps7_cortexa9_0/libsrc/gpio_v4_3/src -s include  "SHELL=CMD" "COMPILER=arm-none-eabi-gcc" "ARCHIVER=arm-none-eabi-ar" "COMPILER_FLAGS=  -O2 -c" "EXTRA_COMPILER_FLAGS=-mcpu=cortex-a9 -mfpu=vfpv3 -mfloat-abi=hard -nostartfiles -Wall -Wextra"
"Running Make include in ps7_cortexa9_0/libsrc/gpiops_v3_3/src"
make -C ps7_cortexa9_0/libsrc/gpiops_v3_3/src -s include  "SHELL=CMD" "COMPILER=arm-none-eabi-gcc" "ARCHIVER=arm-none-eabi-ar" "COMPILER_FLAGS=  -O2 -c" "EXTRA_COMPILER_FLAGS=-mcpu=cortex-a9 -mfpu=vfpv3 -mfloat-abi=hard -nostartfiles -Wall -Wextra"
"Running Make include in ps7_cortexa9_0/libsrc/qspips_v3_4/src"
make -C ps7_cortexa9_0/libsrc/qspips_v3_4/src -s include  "SHELL=CMD" "COMPILER=arm-none-eabi-gcc" "ARCHIVER=arm-none-eabi-ar" "COMPILER_FLAGS=  -O2 -c" "EXTRA_COMPILER_FLAGS=-mcpu=cortex-a9 -mfpu=vfpv3 -mfloat-abi=hard -nostartfiles -Wall -Wextra"
"Running Make include in ps7_cortexa9_0/libsrc/scugic_v3_8/src"
make -C ps7_cortexa9_0/libsrc/scugic_v3_8/src -s include  "SHELL=CMD" "COMPILER=arm-none-eabi-gcc" "ARCHIVER=arm-none-eabi-ar" "COMPILER_FLAGS=  -O2 -c" "EXTRA_COMPILER_FLAGS=-mcpu=cortex-a9 -mfpu=vfpv3 -mfloat-abi=hard -nostartfiles -Wall -Wextra"
"Running Make include in ps7_cortexa9_0/libsrc/scutimer_v2_1/src"
make -C ps7_cortexa9_0/libsrc/scutimer_v2_1/src -s include  "SHELL=CMD" "COMPILER=arm-none-eabi-gcc" "ARCHIVER=arm-none-eabi-ar" "COMPILER_FLAGS=  -O2 -c" "EXTRA_COMPILER_FLAGS=-mcpu=cortex-a9 -mfpu=vfpv3 -mfloat-abi=hard -nostartfiles -Wall -Wextra"
"Running Make include in ps7_cortexa9_0/libsrc/scuwdt_v2_1/src"
make -C ps7_cortexa9_0/libsrc/scuwdt_v2_1/src -s include  "SHELL=CMD" "COMPILER=arm-none-eabi-gcc" "ARCHIVER=arm-none-eabi-ar" "COMPILER_FLAGS=  -O2 -c" "EXTRA_COMPILER_FLAGS=-mcpu=cortex-a9 -mfpu=vfpv3 -mfloat-abi=hard -nostartfiles -Wall -Wextra"
"Running Make include in ps7_cortexa9_0/libsrc/sdps_v3_3/src"
make -C ps7_cortexa9_0/libsrc/sdps_v3_3/src -s include  "SHELL=CMD" "COMPILER=arm-none-eabi-gcc" "ARCHIVER=arm-none-eabi-ar" "COMPILER_FLAGS=  -O2 -c" "EXTRA_COMPILER_FLAGS=-mcpu=cortex-a9 -mfpu=vfpv3 -mfloat-abi=hard -nostartfiles -Wall -Wextra"
"Running Make include in ps7_cortexa9_0/libsrc/standalone_v6_4/src"
make -C ps7_cortexa9_0/libsrc/standalone_v6_4/src -s include  "SHELL=CMD" "COMPILER=arm-none-eabi-gcc" "ARCHIVER=arm-none-eabi-ar" "COMPILER_FLAGS=  -O2 -c" "EXTRA_COMPILER_FLAGS=-mcpu=cortex-a9 -mfpu=vfpv3 -mfloat-abi=hard -nostartfiles -Wall -Wextra"
"Running Make include in ps7_cortexa9_0/libsrc/ttcps_v3_4/src"
make -C ps7_cortexa9_0/libsrc/ttcps_v3_4/src -s include  "SHELL=CMD" "COMPILER=arm-none-eabi-gcc" "ARCHIVER=arm-none-eabi-ar" "COMPILER_FLAGS=  -O2 -c" "EXTRA_COMPILER_FLAGS=-mcpu=cortex-a9 -mfpu=vfpv3 -mfloat-abi=hard -nostartfiles -Wall -Wextra"
"Running Make include in ps7_cortexa9_0/libsrc/uartps_v3_4/src"
make -C ps7_cortexa9_0/libsrc/uartps_v3_4/src -s include  "SHELL=CMD" "COMPILER=arm-none-eabi-gcc" "ARCHIVER=arm-none-eabi-ar" "COMPILER_FLAGS=  -O2 -c" "EXTRA_COMPILER_FLAGS=-mcpu=cortex-a9 -mfpu=vfpv3 -mfloat-abi=hard -nostartfiles -Wall -Wextra"
"Running Make include in ps7_cortexa9_0/libsrc/usbps_v2_4/src"
make -C ps7_cortexa9_0/libsrc/usbps_v2_4/src -s include  "SHELL=CMD" "COMPILER=arm-none-eabi-gcc" "ARCHIVER=arm-none-eabi-ar" "COMPILER_FLAGS=  -O2 -c" "EXTRA_COMPILER_FLAGS=-mcpu=cortex-a9 -mfpu=vfpv3 -mfloat-abi=hard -nostartfiles -Wall -Wextra"
"Running Make include in ps7_cortexa9_0/libsrc/xadcps_v2_2/src"
make -C ps7_cortexa9_0/libsrc/xadcps_v2_2/src -s include  "SHELL=CMD" "COMPILER=arm-none-eabi-gcc" "ARCHIVER=arm-none-eabi-ar" "COMPILER_FLAGS=  -O2 -c" "EXTRA_COMPILER_FLAGS=-mcpu=cortex-a9 -mfpu=vfpv3 -mfloat-abi=hard -nostartfiles -Wall -Wextra"
"Running Make libs in ps7_cortexa9_0/libsrc/axivdma_v6_4/src"
make -C ps7_cortexa9_0/libsrc/axivdma_v6_4/src -s libs  "SHELL=CMD" "COMPILER=arm-none-eabi-gcc" "ARCHIVER=arm-none-eabi-ar" "COMPILER_FLAGS=  -O2 -c" "EXTRA_COMPILER_FLAGS=-mcpu=cortex-a9 -mfpu=vfpv3 -mfloat-abi=hard -nostartfiles -Wall -Wextra"
"Compiling axivdma"
arm-none-eabi-ar: creating ../../../lib/libxil.a
"Running Make libs in ps7_cortexa9_0/libsrc/coresightps_dcc_v1_4/src"
make -C ps7_cortexa9_0/libsrc/coresightps_dcc_v1_4/src -s libs  "SHELL=CMD" "COMPILER=arm-none-eabi-gcc" "ARCHIVER=arm-none-eabi-ar" "COMPILER_FLAGS=  -O2 -c" "EXTRA_COMPILER_FLAGS=-mcpu=cortex-a9 -mfpu=vfpv3 -mfloat-abi=hard -nostartfiles -Wall -Wextra"
"Compiling coresightps_dcc"
"Running Make libs in ps7_cortexa9_0/libsrc/cpu_cortexa9_v2_5/src"
make -C ps7_cortexa9_0/libsrc/cpu_cortexa9_v2_5/src -s libs  "SHELL=CMD" "COMPILER=arm-none-eabi-gcc" "ARCHIVER=arm-none-eabi-ar" "COMPILER_FLAGS=  -O2 -c" "EXTRA_COMPILER_FLAGS=-mcpu=cortex-a9 -mfpu=vfpv3 -mfloat-abi=hard -nostartfiles -Wall -Wextra"
"Compiling cpu_cortexa9"
"Running Make libs in ps7_cortexa9_0/libsrc/ddrps_v1_0/src"
make -C ps7_cortexa9_0/libsrc/ddrps_v1_0/src -s libs  "SHELL=CMD" "COMPILER=arm-none-eabi-gcc" "ARCHIVER=arm-none-eabi-ar" "COMPILER_FLAGS=  -O2 -c" "EXTRA_COMPILER_FLAGS=-mcpu=cortex-a9 -mfpu=vfpv3 -mfloat-abi=hard -nostartfiles -Wall -Wextra"
"Compiling ddrps"
"Running Make libs in ps7_cortexa9_0/libsrc/devcfg_v3_5/src"
make -C ps7_cortexa9_0/libsrc/devcfg_v3_5/src -s libs  "SHELL=CMD" "COMPILER=arm-none-eabi-gcc" "ARCHIVER=arm-none-eabi-ar" "COMPILER_FLAGS=  -O2 -c" "EXTRA_COMPILER_FLAGS=-mcpu=cortex-a9 -mfpu=vfpv3 -mfloat-abi=hard -nostartfiles -Wall -Wextra"
"Compiling devcfg"
"Running Make libs in ps7_cortexa9_0/libsrc/dmaps_v2_3/src"
make -C ps7_cortexa9_0/libsrc/dmaps_v2_3/src -s libs  "SHELL=CMD" "COMPILER=arm-none-eabi-gcc" "ARCHIVER=arm-none-eabi-ar" "COMPILER_FLAGS=  -O2 -c" "EXTRA_COMPILER_FLAGS=-mcpu=cortex-a9 -mfpu=vfpv3 -mfloat-abi=hard -nostartfiles -Wall -Wextra"
"Compiling dmaps"
"Running Make libs in ps7_cortexa9_0/libsrc/emacps_v3_5/src"
make -C ps7_cortexa9_0/libsrc/emacps_v3_5/src -s libs  "SHELL=CMD" "COMPILER=arm-none-eabi-gcc" "ARCHIVER=arm-none-eabi-ar" "COMPILER_FLAGS=  -O2 -c" "EXTRA_COMPILER_FLAGS=-mcpu=cortex-a9 -mfpu=vfpv3 -mfloat-abi=hard -nostartfiles -Wall -Wextra"
"Compiling emacps"
"Running Make libs in ps7_cortexa9_0/libsrc/gpio_v4_3/src"
make -C ps7_cortexa9_0/libsrc/gpio_v4_3/src -s libs  "SHELL=CMD" "COMPILER=arm-none-eabi-gcc" "ARCHIVER=arm-none-eabi-ar" "COMPILER_FLAGS=  -O2 -c" "EXTRA_COMPILER_FLAGS=-mcpu=cortex-a9 -mfpu=vfpv3 -mfloat-abi=hard -nostartfiles -Wall -Wextra"
"Compiling gpio"
"Running Make libs in ps7_cortexa9_0/libsrc/gpiops_v3_3/src"
make -C ps7_cortexa9_0/libsrc/gpiops_v3_3/src -s libs  "SHELL=CMD" "COMPILER=arm-none-eabi-gcc" "ARCHIVER=arm-none-eabi-ar" "COMPILER_FLAGS=  -O2 -c" "EXTRA_COMPILER_FLAGS=-mcpu=cortex-a9 -mfpu=vfpv3 -mfloat-abi=hard -nostartfiles -Wall -Wextra"
"Compiling gpiops"
"Running Make libs in ps7_cortexa9_0/libsrc/qspips_v3_4/src"
make -C ps7_cortexa9_0/libsrc/qspips_v3_4/src -s libs  "SHELL=CMD" "COMPILER=arm-none-eabi-gcc" "ARCHIVER=arm-none-eabi-ar" "COMPILER_FLAGS=  -O2 -c" "EXTRA_COMPILER_FLAGS=-mcpu=cortex-a9 -mfpu=vfpv3 -mfloat-abi=hard -nostartfiles -Wall -Wextra"
"Compiling qspips"
"Running Make libs in ps7_cortexa9_0/libsrc/scugic_v3_8/src"
make -C ps7_cortexa9_0/libsrc/scugic_v3_8/src -s libs  "SHELL=CMD" "COMPILER=arm-none-eabi-gcc" "ARCHIVER=arm-none-eabi-ar" "COMPILER_FLAGS=  -O2 -c" "EXTRA_COMPILER_FLAGS=-mcpu=cortex-a9 -mfpu=vfpv3 -mfloat-abi=hard -nostartfiles -Wall -Wextra"
"Compiling scugic"
"Running Make libs in ps7_cortexa9_0/libsrc/scutimer_v2_1/src"
make -C ps7_cortexa9_0/libsrc/scutimer_v2_1/src -s libs  "SHELL=CMD" "COMPILER=arm-none-eabi-gcc" "ARCHIVER=arm-none-eabi-ar" "COMPILER_FLAGS=  -O2 -c" "EXTRA_COMPILER_FLAGS=-mcpu=cortex-a9 -mfpu=vfpv3 -mfloat-abi=hard -nostartfiles -Wall -Wextra"
"Compiling scutimer"
"Running Make libs in ps7_cortexa9_0/libsrc/scuwdt_v2_1/src"
make -C ps7_cortexa9_0/libsrc/scuwdt_v2_1/src -s libs  "SHELL=CMD" "COMPILER=arm-none-eabi-gcc" "ARCHIVER=arm-none-eabi-ar" "COMPILER_FLAGS=  -O2 -c" "EXTRA_COMPILER_FLAGS=-mcpu=cortex-a9 -mfpu=vfpv3 -mfloat-abi=hard -nostartfiles -Wall -Wextra"
"Compiling scuwdt"
"Running Make libs in ps7_cortexa9_0/libsrc/sdps_v3_3/src"
make -C ps7_cortexa9_0/libsrc/sdps_v3_3/src -s libs  "SHELL=CMD" "COMPILER=arm-none-eabi-gcc" "ARCHIVER=arm-none-eabi-ar" "COMPILER_FLAGS=  -O2 -c" "EXTRA_COMPILER_FLAGS=-mcpu=cortex-a9 -mfpu=vfpv3 -mfloat-abi=hard -nostartfiles -Wall -Wextra"
"Compiling sdps"
"Running Make libs in ps7_cortexa9_0/libsrc/standalone_v6_4/src"
make -C ps7_cortexa9_0/libsrc/standalone_v6_4/src -s libs  "SHELL=CMD" "COMPILER=arm-none-eabi-gcc" "ARCHIVER=arm-none-eabi-ar" "COMPILER_FLAGS=  -O2 -c" "EXTRA_COMPILER_FLAGS=-mcpu=cortex-a9 -mfpu=vfpv3 -mfloat-abi=hard -nostartfiles -Wall -Wextra"
"Compiling standalone"
"Running Make libs in ps7_cortexa9_0/libsrc/ttcps_v3_4/src"
make -C ps7_cortexa9_0/libsrc/ttcps_v3_4/src -s libs  "SHELL=CMD" "COMPILER=arm-none-eabi-gcc" "ARCHIVER=arm-none-eabi-ar" "COMPILER_FLAGS=  -O2 -c" "EXTRA_COMPILER_FLAGS=-mcpu=cortex-a9 -mfpu=vfpv3 -mfloat-abi=hard -nostartfiles -Wall -Wextra"
"Compiling ttcps"
"Running Make libs in ps7_cortexa9_0/libsrc/uartps_v3_4/src"
make -C ps7_cortexa9_0/libsrc/uartps_v3_4/src -s libs  "SHELL=CMD" "COMPILER=arm-none-eabi-gcc" "ARCHIVER=arm-none-eabi-ar" "COMPILER_FLAGS=  -O2 -c" "EXTRA_COMPILER_FLAGS=-mcpu=cortex-a9 -mfpu=vfpv3 -mfloat-abi=hard -nostartfiles -Wall -Wextra"
"Compiling uartps"
"Running Make libs in ps7_cortexa9_0/libsrc/usbps_v2_4/src"
make -C ps7_cortexa9_0/libsrc/usbps_v2_4/src -s libs  "SHELL=CMD" "COMPILER=arm-none-eabi-gcc" "ARCHIVER=arm-none-eabi-ar" "COMPILER_FLAGS=  -O2 -c" "EXTRA_COMPILER_FLAGS=-mcpu=cortex-a9 -mfpu=vfpv3 -mfloat-abi=hard -nostartfiles -Wall -Wextra"
"Compiling usbps"
"Running Make libs in ps7_cortexa9_0/libsrc/xadcps_v2_2/src"
make -C ps7_cortexa9_0/libsrc/xadcps_v2_2/src -s libs  "SHELL=CMD" "COMPILER=arm-none-eabi-gcc" "ARCHIVER=arm-none-eabi-ar" "COMPILER_FLAGS=  -O2 -c" "EXTRA_COMPILER_FLAGS=-mcpu=cortex-a9 -mfpu=vfpv3 -mfloat-abi=hard -nostartfiles -Wall -Wextra"
"Compiling xadcps"
'Finished building libraries'
12:47:30 **** Build of configuration Debug for project 0310_M2M3M4 ****
make pre-build main-build 
a9-linaro-pre-build-step
' '
'Building file: ../src/helloworld.c'
'Invoking: ARM v7 gcc compiler'
arm-none-eabi-gcc -Wall -O0 -g3 -c -fmessage-length=0 -MT"src/helloworld.o" -mcpu=cortex-a9 -mfpu=vfpv3 -mfloat-abi=hard -I../../0310_M2M3M4_bsp/ps7_cortexa9_0/include -MMD -MP -MF"src/helloworld.d" -MT"src/helloworld.o" -o "src/helloworld.o" "../src/helloworld.c"
../src/helloworld.c:2:26: fatal error: plotting_api.h: No such file or directory
 #include "plotting_api.h"
                          ^
compilation terminated.
make: *** [src/helloworld.o] Error 1
12:47:51 **** Auto Build of configuration Debug for project 0310_M2M3M4 ****
make pre-build main-build 
a9-linaro-pre-build-step
' '
'Building file: ../src/helloworld.c'
'Invoking: ARM v7 gcc compiler'
arm-none-eabi-gcc -Wall -O0 -g3 -c -fmessage-length=0 -MT"src/helloworld.o" -mcpu=cortex-a9 -mfpu=vfpv3 -mfloat-abi=hard -I../../0310_M2M3M4_bsp/ps7_cortexa9_0/include -MMD -MP -MF"src/helloworld.d" -MT"src/helloworld.o" -o "src/helloworld.o" "../src/helloworld.c"
../src/helloworld.c:12:27: fatal error: interrupt_btn.h: No such file or directory
 #include "interrupt_btn.h"
                           ^
compilation terminated.
make: *** [src/helloworld.o] Error 1
12:47:57 **** Auto Build of configuration Debug for project 0310_M2M3M4 ****
make pre-build main-build 
a9-linaro-pre-build-step
' '
'Building file: ../src/helloworld.c'
'Invoking: ARM v7 gcc compiler'
arm-none-eabi-gcc -Wall -O0 -g3 -c -fmessage-length=0 -MT"src/helloworld.o" -mcpu=cortex-a9 -mfpu=vfpv3 -mfloat-abi=hard -I../../0310_M2M3M4_bsp/ps7_cortexa9_0/include -MMD -MP -MF"src/helloworld.d" -MT"src/helloworld.o" -o "src/helloworld.o" "../src/helloworld.c"
In file included from ../src/helloworld.c:2:0:
../src/plotting_api.h:2:25: fatal error: display_api.h: No such file or directory
 #include "display_api.h"
                         ^
compilation terminated.
make: *** [src/helloworld.o] Error 1
12:48:09 **** Auto Build of configuration Debug for project 0310_M2M3M4 ****
make pre-build main-build 
a9-linaro-pre-build-step
' '
'Building file: ../src/helloworld.c'
'Invoking: ARM v7 gcc compiler'
arm-none-eabi-gcc -Wall -O0 -g3 -c -fmessage-length=0 -MT"src/helloworld.o" -mcpu=cortex-a9 -mfpu=vfpv3 -mfloat-abi=hard -I../../0310_M2M3M4_bsp/ps7_cortexa9_0/include -MMD -MP -MF"src/helloworld.d" -MT"src/helloworld.o" -o "src/helloworld.o" "../src/helloworld.c"
In file included from ../src/helloworld.c:2:0:
../src/plotting_api.h:12:25: fatal error: display_api.h: No such file or directory
 #include "display_api.h"
                         ^
compilation terminated.
make: *** [src/helloworld.o] Error 1
12:48:23 **** Auto Build of configuration Debug for project 0310_M2M3M4 ****
make pre-build main-build 
a9-linaro-pre-build-step
' '
'Building file: ../src/helloworld.c'
'Invoking: ARM v7 gcc compiler'
arm-none-eabi-gcc -Wall -O0 -g3 -c -fmessage-length=0 -MT"src/helloworld.o" -mcpu=cortex-a9 -mfpu=vfpv3 -mfloat-abi=hard -I../../0310_M2M3M4_bsp/ps7_cortexa9_0/include -MMD -MP -MF"src/helloworld.d" -MT"src/helloworld.o" -o "src/helloworld.o" "../src/helloworld.c"
In file included from ../src/helloworld.c:2:0:
../src/plotting_api.h:19:8: error: unknown type name 'Rect'
 static Rect topwall,rightwall,leftwall;
        ^~~~
../src/plotting_api.h:20:8: error: unknown type name 'Rect'
 static Rect paddle;
        ^~~~
../src/plotting_api.h:21:8: error: unknown type name 'Circle'
 static Circle ball;
        ^~~~~~
../src/plotting_api.h:23:8: error: unknown type name 'u32'
 static u32 _background_color = COLOR_BLACK;
        ^~~
../src/plotting_api.h:23:32: error: 'COLOR_BLACK' undeclared here (not in a function)
 static u32 _background_color = COLOR_BLACK;
                                ^~~~~~~~~~~
../src/plotting_api.h: In function 'define_3_walls':
../src/plotting_api.h:27:9: error: request for member 'x0' in something not a structure or union
  topwall.x0=0; topwall.y0=0; topwall.xsz=800; topwall.ysz=20;
         ^
../src/plotting_api.h:27:23: error: request for member 'y0' in something not a structure or union
  topwall.x0=0; topwall.y0=0; topwall.xsz=800; topwall.ysz=20;
                       ^
../src/plotting_api.h:27:37: error: request for member 'xsz' in something not a structure or union
  topwall.x0=0; topwall.y0=0; topwall.xsz=800; topwall.ysz=20;
                                     ^
../src/plotting_api.h:27:54: error: request for member 'ysz' in something not a structure or union
  topwall.x0=0; topwall.y0=0; topwall.xsz=800; topwall.ysz=20;
                                                      ^
../src/plotting_api.h:28:11: error: request for member 'x0' in something not a structure or union
  rightwall.x0=0; rightwall.y0=20; rightwall.xsz=20; rightwall.ysz=580;
           ^
../src/plotting_api.h:28:27: error: request for member 'y0' in something not a structure or union
  rightwall.x0=0; rightwall.y0=20; rightwall.xsz=20; rightwall.ysz=580;
                           ^
../src/plotting_api.h:28:44: error: request for member 'xsz' in something not a structure or union
  rightwall.x0=0; rightwall.y0=20; rightwall.xsz=20; rightwall.ysz=580;
                                            ^
../src/plotting_api.h:28:62: error: request for member 'ysz' in something not a structure or union
  rightwall.x0=0; rightwall.y0=20; rightwall.xsz=20; rightwall.ysz=580;
                                                              ^
../src/plotting_api.h:29:10: error: request for member 'x0' in something not a structure or union
  leftwall.x0=780; leftwall.y0=20; leftwall.xsz=20; leftwall.ysz=580;
          ^
../src/plotting_api.h:29:27: error: request for member 'y0' in something not a structure or union
  leftwall.x0=780; leftwall.y0=20; leftwall.xsz=20; leftwall.ysz=580;
                           ^
../src/plotting_api.h:29:43: error: request for member 'xsz' in something not a structure or union
  leftwall.x0=780; leftwall.y0=20; leftwall.xsz=20; leftwall.ysz=580;
                                           ^
../src/plotting_api.h:29:60: error: request for member 'ysz' in something not a structure or union
  leftwall.x0=780; leftwall.y0=20; leftwall.xsz=20; leftwall.ysz=580;
                                                            ^
../src/plotting_api.h: In function 'plot_init':
../src/plotting_api.h:43:2: warning: implicit declaration of function 'display_init' [-Wimplicit-function-declaration]
  display_init(DISPLAY_MEMORY_BASE);
  ^~~~~~~~~~~~
../src/plotting_api.h:44:2: warning: implicit declaration of function 'display_fill_screen' [-Wimplicit-function-declaration]
  display_fill_screen(_background_color);
  ^~~~~~~~~~~~~~~~~~~
../src/plotting_api.h:46:2: warning: implicit declaration of function 'display_swap_buffers' [-Wimplicit-function-declaration]
  display_swap_buffers();
  ^~~~~~~~~~~~~~~~~~~~
../src/plotting_api.h: In function 'plot_outline':
[...]
'Finished building target: 0310_M2M3M4.elf'
' '
'Invoking: ARM v7 Print Size'
arm-none-eabi-size 0310_M2M3M4.elf  |tee "0310_M2M3M4.elf.size"
   text	   data	    bss	    dec	    hex	filename
 100848	  23404	  26208	 150460	  24bbc	0310_M2M3M4.elf
'Finished building: 0310_M2M3M4.elf.size'
' '
15:05:29 **** Incremental Build of configuration Debug for project 0310_M2M3M4 ****
make pre-build main-build 
a9-linaro-pre-build-step
' '
make: Nothing to be done for `main-build'.
15:05:31 **** Incremental Build of configuration Debug for project 0310_M2M3M4 ****
make pre-build main-build 
a9-linaro-pre-build-step
' '
make: Nothing to be done for `main-build'.
15:05:45 **** Auto Build of configuration Debug for project 0310_M2M3M4 ****
make pre-build main-build 
a9-linaro-pre-build-step
' '
'Building file: ../src/helloworld.c'
'Invoking: ARM v7 gcc compiler'
arm-none-eabi-gcc -Wall -O0 -g3 -c -fmessage-length=0 -MT"src/helloworld.o" -mcpu=cortex-a9 -mfpu=vfpv3 -mfloat-abi=hard -I../../0310_M2M3M4_bsp/ps7_cortexa9_0/include -MMD -MP -MF"src/helloworld.d" -MT"src/helloworld.o" -o "src/helloworld.o" "../src/helloworld.c"
../src/helloworld.c: In function 'main':
../src/helloworld.c:371:13: warning: passing argument 1 of 'xil_printf' makes pointer from integer without a cast [-Wint-conversion]
  xil_printf(c);
             ^
In file included from ../src/plotting_api.h:10:0,
                 from ../src/helloworld.c:2:
../../0310_M2M3M4_bsp/ps7_cortexa9_0/include/xil_printf.h:35:6: note: expected 'const char8 * {aka const char *}' but argument is of type 'char'
 void xil_printf( const char8 *ctrl1, ...);
      ^~~~~~~~~~
../src/helloworld.c:475:2: warning: implicit declaration of function 'sleep' [-Wimplicit-function-declaration]
  sleep(1);
  ^~~~~
../src/helloworld.c:353:6: warning: unused variable 'randomCounter' [-Wunused-variable]
  int randomCounter=0;
      ^~~~~~~~~~~~~
'Finished building: ../src/helloworld.c'
' '
'Building target: 0310_M2M3M4.elf'
'Invoking: ARM v7 gcc linker'
arm-none-eabi-gcc -mcpu=cortex-a9 -mfpu=vfpv3 -mfloat-abi=hard -Wl,-build-id=none -specs=Xilinx.spec -Wl,-T -Wl,../src/lscript.ld -L../../0310_M2M3M4_bsp/ps7_cortexa9_0/lib -o "0310_M2M3M4.elf"  ./src/helloworld.o ./src/platform.o ./src/vdma_api.o   -Wl,--start-group,-lxil,-lgcc,-lc,--end-group
'Finished building target: 0310_M2M3M4.elf'
' '
'Invoking: ARM v7 Print Size'
arm-none-eabi-size 0310_M2M3M4.elf  |tee "0310_M2M3M4.elf.size"
   text	   data	    bss	    dec	    hex	filename
 100840	  23404	  26208	 150452	  24bb4	0310_M2M3M4.elf
'Finished building: 0310_M2M3M4.elf.size'
' '
15:05:51 **** Incremental Build of configuration Debug for project 0310_M2M3M4 ****
make pre-build main-build 
a9-linaro-pre-build-step
' '
make: Nothing to be done for `main-build'.
15:06:32 **** Auto Build of configuration Debug for project 0310_M2M3M4 ****
make pre-build main-build 
a9-linaro-pre-build-step
' '
'Building file: ../src/helloworld.c'
'Invoking: ARM v7 gcc compiler'
arm-none-eabi-gcc -Wall -O0 -g3 -c -fmessage-length=0 -MT"src/helloworld.o" -mcpu=cortex-a9 -mfpu=vfpv3 -mfloat-abi=hard -I../../0310_M2M3M4_bsp/ps7_cortexa9_0/include -MMD -MP -MF"src/helloworld.d" -MT"src/helloworld.o" -o "src/helloworld.o" "../src/helloworld.c"
../src/helloworld.c: In function 'main':
../src/helloworld.c:371:13: warning: passing argument 1 of 'xil_printf' makes pointer from integer without a cast [-Wint-conversion]
  xil_printf(c);
             ^
In file included from ../src/plotting_api.h:10:0,
                 from ../src/helloworld.c:2:
../../0310_M2M3M4_bsp/ps7_cortexa9_0/include/xil_printf.h:35:6: note: expected 'const char8 * {aka const char *}' but argument is of type 'char'
 void xil_printf( const char8 *ctrl1, ...);
      ^~~~~~~~~~
../src/helloworld.c:373:20: warning: passing argument 1 of 'strupr' makes pointer from integer without a cast [-Wint-conversion]
  parse_text(strupr(c), sizeof(c),0xFFFFFFFF,50,580);
                    ^
In file included from c:\xilinx\sdk\2017.3\gnu\aarch32\nt\gcc-arm-none-eabi\arm-none-eabi\libc\usr\include\ctype.h:4:0,
                 from ../../0310_M2M3M4_bsp/ps7_cortexa9_0/include/xil_printf.h:8,
                 from ../src/plotting_api.h:10,
                 from ../src/helloworld.c:2:
c:\xilinx\sdk\2017.3\gnu\aarch32\nt\gcc-arm-none-eabi\arm-none-eabi\libc\usr\include\string.h:138:7: note: expected 'char *' but argument is of type 'char'
 char *_EXFUN(strupr,(char *));
       ^
../src/helloworld.c:475:2: warning: implicit declaration of function 'sleep' [-Wimplicit-function-declaration]
  sleep(1);
  ^~~~~
../src/helloworld.c:353:6: warning: unused variable 'randomCounter' [-Wunused-variable]
  int randomCounter=0;
      ^~~~~~~~~~~~~
'Finished building: ../src/helloworld.c'
' '
'Building target: 0310_M2M3M4.elf'
'Invoking: ARM v7 gcc linker'
arm-none-eabi-gcc -mcpu=cortex-a9 -mfpu=vfpv3 -mfloat-abi=hard -Wl,-build-id=none -specs=Xilinx.spec -Wl,-T -Wl,../src/lscript.ld -L../../0310_M2M3M4_bsp/ps7_cortexa9_0/lib -o "0310_M2M3M4.elf"  ./src/helloworld.o ./src/platform.o ./src/vdma_api.o   -Wl,--start-group,-lxil,-lgcc,-lc,--end-group
'Finished building target: 0310_M2M3M4.elf'
' '
'Invoking: ARM v7 Print Size'
arm-none-eabi-size 0310_M2M3M4.elf  |tee "0310_M2M3M4.elf.size"
   text	   data	    bss	    dec	    hex	filename
 100840	  23404	  26208	 150452	  24bb4	0310_M2M3M4.elf
'Finished building: 0310_M2M3M4.elf.size'
' '
15:06:38 **** Incremental Build of configuration Debug for project 0310_M2M3M4 ****
make pre-build main-build 
a9-linaro-pre-build-step
' '
make: Nothing to be done for `main-build'.
15:08:53 **** Auto Build of configuration Debug for project 0310_M2M3M4 ****
make pre-build main-build 
a9-linaro-pre-build-step
' '
'Building file: ../src/helloworld.c'
'Invoking: ARM v7 gcc compiler'
arm-none-eabi-gcc -Wall -O0 -g3 -c -fmessage-length=0 -MT"src/helloworld.o" -mcpu=cortex-a9 -mfpu=vfpv3 -mfloat-abi=hard -I../../0310_M2M3M4_bsp/ps7_cortexa9_0/include -MMD -MP -MF"src/helloworld.d" -MT"src/helloworld.o" -o "src/helloworld.o" "../src/helloworld.c"
../src/helloworld.c: In function 'main':
../src/helloworld.c:371:13: warning: passing argument 1 of 'xil_printf' makes pointer from integer without a cast [-Wint-conversion]
  xil_printf(c);
             ^
In file included from ../src/plotting_api.h:10:0,
                 from ../src/helloworld.c:2:
../../0310_M2M3M4_bsp/ps7_cortexa9_0/include/xil_printf.h:35:6: note: expected 'const char8 * {aka const char *}' but argument is of type 'char'
 void xil_printf( const char8 *ctrl1, ...);
      ^~~~~~~~~~
../src/helloworld.c:373:20: warning: passing argument 1 of 'strupr' makes pointer from integer without a cast [-Wint-conversion]
  parse_text(strupr(c), sizeof(c),0xFFFFFFFF,300,3000);
                    ^
In file included from c:\xilinx\sdk\2017.3\gnu\aarch32\nt\gcc-arm-none-eabi\arm-none-eabi\libc\usr\include\ctype.h:4:0,
                 from ../../0310_M2M3M4_bsp/ps7_cortexa9_0/include/xil_printf.h:8,
                 from ../src/plotting_api.h:10,
                 from ../src/helloworld.c:2:
c:\xilinx\sdk\2017.3\gnu\aarch32\nt\gcc-arm-none-eabi\arm-none-eabi\libc\usr\include\string.h:138:7: note: expected 'char *' but argument is of type 'char'
 char *_EXFUN(strupr,(char *));
       ^
../src/helloworld.c:475:2: warning: implicit declaration of function 'sleep' [-Wimplicit-function-declaration]
  sleep(1);
  ^~~~~
../src/helloworld.c:353:6: warning: unused variable 'randomCounter' [-Wunused-variable]
  int randomCounter=0;
      ^~~~~~~~~~~~~
'Finished building: ../src/helloworld.c'
' '
'Building target: 0310_M2M3M4.elf'
'Invoking: ARM v7 gcc linker'
arm-none-eabi-gcc -mcpu=cortex-a9 -mfpu=vfpv3 -mfloat-abi=hard -Wl,-build-id=none -specs=Xilinx.spec -Wl,-T -Wl,../src/lscript.ld -L../../0310_M2M3M4_bsp/ps7_cortexa9_0/lib -o "0310_M2M3M4.elf"  ./src/helloworld.o ./src/platform.o ./src/vdma_api.o   -Wl,--start-group,-lxil,-lgcc,-lc,--end-group
'Finished building target: 0310_M2M3M4.elf'
' '
'Invoking: ARM v7 Print Size'
arm-none-eabi-size 0310_M2M3M4.elf  |tee "0310_M2M3M4.elf.size"
   text	   data	    bss	    dec	    hex	filename
 100840	  23404	  26208	 150452	  24bb4	0310_M2M3M4.elf
'Finished building: 0310_M2M3M4.elf.size'
' '
15:09:14 **** Auto Build of configuration Debug for project 0310_M2M3M4 ****
make pre-build main-build 
a9-linaro-pre-build-step
' '
'Building file: ../src/helloworld.c'
'Invoking: ARM v7 gcc compiler'
arm-none-eabi-gcc -Wall -O0 -g3 -c -fmessage-length=0 -MT"src/helloworld.o" -mcpu=cortex-a9 -mfpu=vfpv3 -mfloat-abi=hard -I../../0310_M2M3M4_bsp/ps7_cortexa9_0/include -MMD -MP -MF"src/helloworld.d" -MT"src/helloworld.o" -o "src/helloworld.o" "../src/helloworld.c"
../src/helloworld.c: In function 'main':
../src/helloworld.c:371:20: warning: passing argument 1 of 'strupr' makes pointer from integer without a cast [-Wint-conversion]
  parse_text(strupr(c), sizeof(c),0xFFFFFFFF,300,300);
                    ^
In file included from c:\xilinx\sdk\2017.3\gnu\aarch32\nt\gcc-arm-none-eabi\arm-none-eabi\libc\usr\include\ctype.h:4:0,
                 from ../../0310_M2M3M4_bsp/ps7_cortexa9_0/include/xil_printf.h:8,
                 from ../src/plotting_api.h:10,
                 from ../src/helloworld.c:2:
c:\xilinx\sdk\2017.3\gnu\aarch32\nt\gcc-arm-none-eabi\arm-none-eabi\libc\usr\include\string.h:138:7: note: expected 'char *' but argument is of type 'char'
 char *_EXFUN(strupr,(char *));
       ^
../src/helloworld.c:474:2: warning: implicit declaration of function 'sleep' [-Wimplicit-function-declaration]
  sleep(1);
  ^~~~~
../src/helloworld.c:353:6: warning: unused variable 'randomCounter' [-Wunused-variable]
  int randomCounter=0;
      ^~~~~~~~~~~~~
'Finished building: ../src/helloworld.c'
' '
'Building target: 0310_M2M3M4.elf'
'Invoking: ARM v7 gcc linker'
arm-none-eabi-gcc -mcpu=cortex-a9 -mfpu=vfpv3 -mfloat-abi=hard -Wl,-build-id=none -specs=Xilinx.spec -Wl,-T -Wl,../src/lscript.ld -L../../0310_M2M3M4_bsp/ps7_cortexa9_0/lib -o "0310_M2M3M4.elf"  ./src/helloworld.o ./src/platform.o ./src/vdma_api.o   -Wl,--start-group,-lxil,-lgcc,-lc,--end-group
'Finished building target: 0310_M2M3M4.elf'
' '
'Invoking: ARM v7 Print Size'
arm-none-eabi-size 0310_M2M3M4.elf  |tee "0310_M2M3M4.elf.size"
   text	   data	    bss	    dec	    hex	filename
 100840	  23404	  26208	 150452	  24bb4	0310_M2M3M4.elf
'Finished building: 0310_M2M3M4.elf.size'
' '
15:09:18 **** Incremental Build of configuration Debug for project 0310_M2M3M4 ****
make pre-build main-build 
a9-linaro-pre-build-step
' '
make: Nothing to be done for `main-build'.
15:09:51 **** Auto Build of configuration Debug for project 0310_M2M3M4 ****
make pre-build main-build 
a9-linaro-pre-build-step
' '
'Building file: ../src/helloworld.c'
'Invoking: ARM v7 gcc compiler'
arm-none-eabi-gcc -Wall -O0 -g3 -c -fmessage-length=0 -MT"src/helloworld.o" -mcpu=cortex-a9 -mfpu=vfpv3 -mfloat-abi=hard -I../../0310_M2M3M4_bsp/ps7_cortexa9_0/include -MMD -MP -MF"src/helloworld.d" -MT"src/helloworld.o" -o "src/helloworld.o" "../src/helloworld.c"
../src/helloworld.c: In function 'main':
../src/helloworld.c:356:20: warning: passing argument 1 of 'strupr' makes pointer from integer without a cast [-Wint-conversion]
  parse_text(strupr(c), sizeof(c),0xFFFFFFFF,300,300);
                    ^
In file included from c:\xilinx\sdk\2017.3\gnu\aarch32\nt\gcc-arm-none-eabi\arm-none-eabi\libc\usr\include\ctype.h:4:0,
                 from ../../0310_M2M3M4_bsp/ps7_cortexa9_0/include/xil_printf.h:8,
                 from ../src/plotting_api.h:10,
                 from ../src/helloworld.c:2:
c:\xilinx\sdk\2017.3\gnu\aarch32\nt\gcc-arm-none-eabi\arm-none-eabi\libc\usr\include\string.h:138:7: note: expected 'char *' but argument is of type 'char'
 char *_EXFUN(strupr,(char *));
       ^
../src/helloworld.c:477:2: warning: implicit declaration of function 'sleep' [-Wimplicit-function-declaration]
  sleep(1);
  ^~~~~
../src/helloworld.c:360:6: warning: unused variable 'randomCounter' [-Wunused-variable]
  int randomCounter=0;
      ^~~~~~~~~~~~~
'Finished building: ../src/helloworld.c'
' '
'Building target: 0310_M2M3M4.elf'
'Invoking: ARM v7 gcc linker'
arm-none-eabi-gcc -mcpu=cortex-a9 -mfpu=vfpv3 -mfloat-abi=hard -Wl,-build-id=none -specs=Xilinx.spec -Wl,-T -Wl,../src/lscript.ld -L../../0310_M2M3M4_bsp/ps7_cortexa9_0/lib -o "0310_M2M3M4.elf"  ./src/helloworld.o ./src/platform.o ./src/vdma_api.o   -Wl,--start-group,-lxil,-lgcc,-lc,--end-group
'Finished building target: 0310_M2M3M4.elf'
' '
'Invoking: ARM v7 Print Size'
arm-none-eabi-size 0310_M2M3M4.elf  |tee "0310_M2M3M4.elf.size"
   text	   data	    bss	    dec	    hex	filename
 100840	  23404	  26208	 150452	  24bb4	0310_M2M3M4.elf
'Finished building: 0310_M2M3M4.elf.size'
' '
15:09:57 **** Incremental Build of configuration Debug for project 0310_M2M3M4 ****
make pre-build main-build 
a9-linaro-pre-build-step
' '
make: Nothing to be done for `main-build'.
15:10:12 **** Auto Build of configuration Debug for project 0310_M2M3M4 ****
make pre-build main-build 
a9-linaro-pre-build-step
' '
'Building file: ../src/helloworld.c'
'Invoking: ARM v7 gcc compiler'
arm-none-eabi-gcc -Wall -O0 -g3 -c -fmessage-length=0 -MT"src/helloworld.o" -mcpu=cortex-a9 -mfpu=vfpv3 -mfloat-abi=hard -I../../0310_M2M3M4_bsp/ps7_cortexa9_0/include -MMD -MP -MF"src/helloworld.d" -MT"src/helloworld.o" -o "src/helloworld.o" "../src/helloworld.c"
../src/helloworld.c: In function 'main':
../src/helloworld.c:471:2: warning: implicit declaration of function 'sleep' [-Wimplicit-function-declaration]
  sleep(1);
  ^~~~~
../src/helloworld.c:354:6: warning: unused variable 'randomCounter' [-Wunused-variable]
  int randomCounter=0;
      ^~~~~~~~~~~~~
'Finished building: ../src/helloworld.c'
' '
'Building target: 0310_M2M3M4.elf'
'Invoking: ARM v7 gcc linker'
arm-none-eabi-gcc -mcpu=cortex-a9 -mfpu=vfpv3 -mfloat-abi=hard -Wl,-build-id=none -specs=Xilinx.spec -Wl,-T -Wl,../src/lscript.ld -L../../0310_M2M3M4_bsp/ps7_cortexa9_0/lib -o "0310_M2M3M4.elf"  ./src/helloworld.o ./src/platform.o ./src/vdma_api.o   -Wl,--start-group,-lxil,-lgcc,-lc,--end-group
'Finished building target: 0310_M2M3M4.elf'
' '
'Invoking: ARM v7 Print Size'
arm-none-eabi-size 0310_M2M3M4.elf  |tee "0310_M2M3M4.elf.size"
   text	   data	    bss	    dec	    hex	filename
 100744	  23404	  26208	 150356	  24b54	0310_M2M3M4.elf
'Finished building: 0310_M2M3M4.elf.size'
' '
15:10:24 **** Auto Build of configuration Debug for project 0310_M2M3M4 ****
make pre-build main-build 
a9-linaro-pre-build-step
' '
'Building file: ../src/helloworld.c'
'Invoking: ARM v7 gcc compiler'
arm-none-eabi-gcc -Wall -O0 -g3 -c -fmessage-length=0 -MT"src/helloworld.o" -mcpu=cortex-a9 -mfpu=vfpv3 -mfloat-abi=hard -I../../0310_M2M3M4_bsp/ps7_cortexa9_0/include -MMD -MP -MF"src/helloworld.d" -MT"src/helloworld.o" -o "src/helloworld.o" "../src/helloworld.c"
../src/helloworld.c: In function 'main':
../src/helloworld.c:471:2: warning: implicit declaration of function 'sleep' [-Wimplicit-function-declaration]
  sleep(1);
  ^~~~~
../src/helloworld.c:354:6: warning: unused variable 'randomCounter' [-Wunused-variable]
  int randomCounter=0;
      ^~~~~~~~~~~~~
'Finished building: ../src/helloworld.c'
' '
'Building target: 0310_M2M3M4.elf'
'Invoking: ARM v7 gcc linker'
arm-none-eabi-gcc -mcpu=cortex-a9 -mfpu=vfpv3 -mfloat-abi=hard -Wl,-build-id=none -specs=Xilinx.spec -Wl,-T -Wl,../src/lscript.ld -L../../0310_M2M3M4_bsp/ps7_cortexa9_0/lib -o "0310_M2M3M4.elf"  ./src/helloworld.o ./src/platform.o ./src/vdma_api.o   -Wl,--start-group,-lxil,-lgcc,-lc,--end-group
'Finished building target: 0310_M2M3M4.elf'
' '
'Invoking: ARM v7 Print Size'
arm-none-eabi-size 0310_M2M3M4.elf  |tee "0310_M2M3M4.elf.size"
   text	   data	    bss	    dec	    hex	filename
 100744	  23404	  26208	 150356	  24b54	0310_M2M3M4.elf
'Finished building: 0310_M2M3M4.elf.size'
' '
16:28:19 **** Incremental Build of configuration Debug for project 0310_M2M3M4 ****
make pre-build main-build 
a9-linaro-pre-build-step
' '
make: Nothing to be done for `main-build'.
17:46:09 **** Incremental Build of configuration Debug for project 0310_M2M3M4 ****
make pre-build main-build 
a9-linaro-pre-build-step
' '
make: Nothing to be done for `main-build'.
17:46:25 **** Incremental Build of configuration Debug for project 0310_M2M3M4 ****
make pre-build main-build 
a9-linaro-pre-build-step
' '
make: Nothing to be done for `main-build'.
20:19:05 **** Auto Build of configuration Debug for project 0310_M2M3M4 ****
make pre-build main-build 
a9-linaro-pre-build-step
' '
make: Nothing to be done for `main-build'.
20:20:58 **** Incremental Build of configuration Debug for project 0310_M2M3M4 ****
make pre-build main-build 
a9-linaro-pre-build-step
' '
make: Nothing to be done for `main-build'.
20:44:33 **** Auto Build of configuration Debug for project 0310_M2M3M4 ****
make pre-build main-build 
a9-linaro-pre-build-step
' '
make: Nothing to be done for `main-build'.
20:54:54 **** Incremental Build of configuration Debug for project 0310_M2M3M4 ****
make pre-build main-build 
a9-linaro-pre-build-step
' '
make: Nothing to be done for `main-build'.
20:55:31 **** Incremental Build of configuration Debug for project 0310_M2M3M4 ****
make pre-build main-build 
a9-linaro-pre-build-step
' '
make: Nothing to be done for `main-build'.
21:00:55 **** Auto Build of configuration Debug for project 0310_M2M3M4 ****
make pre-build main-build 
a9-linaro-pre-build-step
' '
'Building file: ../src/helloworld.c'
'Invoking: ARM v7 gcc compiler'
arm-none-eabi-gcc -Wall -O0 -g3 -c -fmessage-length=0 -MT"src/helloworld.o" -mcpu=cortex-a9 -mfpu=vfpv3 -mfloat-abi=hard -I../../0310_M2M3M4_bsp/ps7_cortexa9_0/include -MMD -MP -MF"src/helloworld.d" -MT"src/helloworld.o" -o "src/helloworld.o" "../src/helloworld.c"
../src/helloworld.c: In function 'ReadLine':
../src/helloworld.c:66:6: warning: implicit declaration of function 'append' [-Wimplicit-function-declaration]
      append(str, 'u');
      ^~~~~~
../src/helloworld.c: At top level:
../src/helloworld.c:234:6: warning: conflicting types for 'append'
 void append(char* s, int c)
      ^~~~~~
../src/helloworld.c:66:6: note: previous implicit declaration of 'append' was here
      append(str, 'u');
      ^~~~~~
../src/helloworld.c: In function 'main':
../src/helloworld.c:430:3: warning: implicit declaration of function 'sleep' [-Wimplicit-function-declaration]
   sleep(1);
   ^~~~~
../src/helloworld.c:297:6: warning: unused variable 'randomCounter' [-Wunused-variable]
  int randomCounter=0;
      ^~~~~~~~~~~~~
'Finished building: ../src/helloworld.c'
' '
'Building file: ../src/vdma_api.c'
'Invoking: ARM v7 gcc compiler'
arm-none-eabi-gcc -Wall -O0 -g3 -c -fmessage-length=0 -MT"src/vdma_api.o" -mcpu=cortex-a9 -mfpu=vfpv3 -mfloat-abi=hard -I../../0310_M2M3M4_bsp/ps7_cortexa9_0/include -MMD -MP -MF"src/vdma_api.d" -MT"src/vdma_api.o" -o "src/vdma_api.o" "../src/vdma_api.c"
'Finished building: ../src/vdma_api.c'
' '
'Building target: 0310_M2M3M4.elf'
'Invoking: ARM v7 gcc linker'
arm-none-eabi-gcc -mcpu=cortex-a9 -mfpu=vfpv3 -mfloat-abi=hard -Wl,-build-id=none -specs=Xilinx.spec -Wl,-T -Wl,../src/lscript.ld -L../../0310_M2M3M4_bsp/ps7_cortexa9_0/lib -o "0310_M2M3M4.elf"  ./src/helloworld.o ./src/platform.o ./src/vdma_api.o   -Wl,--start-group,-lxil,-lgcc,-lc,--end-group
'Finished building target: 0310_M2M3M4.elf'
' '
'Invoking: ARM v7 Print Size'
arm-none-eabi-size 0310_M2M3M4.elf  |tee "0310_M2M3M4.elf.size"
   text	   data	    bss	    dec	    hex	filename
 102296	  23564	  26208	 152068	  25204	0310_M2M3M4.elf
'Finished building: 0310_M2M3M4.elf.size'
' '
21:01:04 **** Incremental Build of configuration Debug for project 0310_M2M3M4 ****
make pre-build main-build 
a9-linaro-pre-build-step
' '
make: Nothing to be done for `main-build'.
