Copyright 1986-2017 Xilinx, Inc. All Rights Reserved.
----------------------------------------------------------------------------------------
| Tool Version : Vivado v.2017.3 (win64) Build 2018833 Wed Oct  4 19:58:22 MDT 2017
| Date         : Sat Mar 17 20:51:44 2018
| Host         : ensc-pit-07 running 64-bit major release  (build 9200)
| Command      : report_control_sets -file dma_design_1_wrapper_control_sets_placed.rpt
| Design       : dma_design_1_wrapper
| Device       : xc7z020
----------------------------------------------------------------------------------------

Control Set Information

Table of Contents
-----------------
1. Summary
2. Flip-Flop Distribution

1. Summary
----------

+-------------------------------+-------+
|             Status            | Count |
+-------------------------------+-------+
| Number of unique control sets |   187 |
+-------------------------------+-------+


2. Flip-Flop Distribution
-------------------------

+--------------+-----------------------+------------------------+-----------------+--------------+
| Clock Enable | Synchronous Set/Reset | Asynchronous Set/Reset | Total Registers | Total Slices |
+--------------+-----------------------+------------------------+-----------------+--------------+
| No           | No                    | No                     |             711 |          248 |
| No           | No                    | Yes                    |              28 |            8 |
| No           | Yes                   | No                     |             767 |          243 |
| Yes          | No                    | No                     |            1087 |          324 |
| Yes          | No                    | Yes                    |               0 |            0 |
| Yes          | Yes                   | No                     |            1398 |          360 |
+--------------+-----------------------+------------------------+-----------------+--------------+


